
Discarded input sections

 .data          0x00000000        0x0 build/obj/crt0_v7m.o
 .bss           0x00000000        0x0 build/obj/crt0_v7m.o
 .data          0x00000000        0x0 build/obj/chcoreasm_v7m.o
 .bss           0x00000000        0x0 build/obj/chcoreasm_v7m.o
 .text          0x00000000        0x0 build/obj/crt1.o (symbol from plugin)
 .text          0x00000000        0x0 C:\Users\8FEE~1\AppData\Local\Temp\ccZZsVy2.ltrans0.ltrans.o
 .data          0x00000000        0x0 C:\Users\8FEE~1\AppData\Local\Temp\ccZZsVy2.ltrans0.ltrans.o
 .bss           0x00000000        0x0 C:\Users\8FEE~1\AppData\Local\Temp\ccZZsVy2.ltrans0.ltrans.o
 .text          0x00000000        0x0 C:\Users\8FEE~1\AppData\Local\Temp\ccZZsVy2.ltrans1.ltrans.o
 .data          0x00000000        0x0 C:\Users\8FEE~1\AppData\Local\Temp\ccZZsVy2.ltrans1.ltrans.o
 .bss           0x00000000        0x0 C:\Users\8FEE~1\AppData\Local\Temp\ccZZsVy2.ltrans1.ltrans.o
 .text          0x00000000        0x0 C:\Users\8FEE~1\AppData\Local\Temp\ccZZsVy2.ltrans2.ltrans.o
 .data          0x00000000        0x0 C:\Users\8FEE~1\AppData\Local\Temp\ccZZsVy2.ltrans2.ltrans.o
 .bss           0x00000000        0x0 C:\Users\8FEE~1\AppData\Local\Temp\ccZZsVy2.ltrans2.ltrans.o
 .text          0x00000000        0x0 C:\Users\8FEE~1\AppData\Local\Temp\ccZZsVy2.ltrans3.ltrans.o
 .data          0x00000000        0x0 C:\Users\8FEE~1\AppData\Local\Temp\ccZZsVy2.ltrans3.ltrans.o
 .bss           0x00000000        0x0 C:\Users\8FEE~1\AppData\Local\Temp\ccZZsVy2.ltrans3.ltrans.o
 .text          0x00000000        0x0 build/obj/vectors.o (symbol from plugin)
 .text          0x00000000        0x0 build/obj/chsys.o (symbol from plugin)
 .text          0x00000000        0x0 build/obj/chdebug.o (symbol from plugin)
 .text          0x00000000        0x0 build/obj/chtrace.o (symbol from plugin)
 .text          0x00000000        0x0 build/obj/chvt.o (symbol from plugin)
 .text          0x00000000        0x0 build/obj/chschd.o (symbol from plugin)
 .text          0x00000000        0x0 build/obj/chthreads.o (symbol from plugin)
 .text          0x00000000        0x0 build/obj/chtm.o (symbol from plugin)
 .text          0x00000000        0x0 build/obj/chregistry.o (symbol from plugin)
 .text          0x00000000        0x0 build/obj/chsem.o (symbol from plugin)
 .text          0x00000000        0x0 build/obj/chmtx.o (symbol from plugin)
 .text          0x00000000        0x0 build/obj/chcond.o (symbol from plugin)
 .text          0x00000000        0x0 build/obj/chevents.o (symbol from plugin)
 .text          0x00000000        0x0 build/obj/chmsg.o (symbol from plugin)
 .text          0x00000000        0x0 build/obj/chdynamic.o (symbol from plugin)
 .text          0x00000000        0x0 build/obj/chmboxes.o (symbol from plugin)
 .text          0x00000000        0x0 build/obj/chmemcore.o (symbol from plugin)
 .text          0x00000000        0x0 build/obj/chheap.o (symbol from plugin)
 .text          0x00000000        0x0 build/obj/chmempools.o (symbol from plugin)
 .text          0x00000000        0x0 build/obj/chcore.o (symbol from plugin)
 .text          0x00000000        0x0 build/obj/chcore_v7m.o (symbol from plugin)
 .text          0x00000000        0x0 build/obj/osal.o (symbol from plugin)
 .text          0x00000000        0x0 build/obj/hal.o (symbol from plugin)
 .text          0x00000000        0x0 build/obj/hal_st.o (symbol from plugin)
 .text          0x00000000        0x0 build/obj/hal_buffers.o (symbol from plugin)
 .text          0x00000000        0x0 build/obj/hal_queues.o (symbol from plugin)
 .text          0x00000000        0x0 build/obj/hal_mmcsd.o (symbol from plugin)
 .text          0x00000000        0x0 build/obj/hal_adc.o (symbol from plugin)
 .text          0x00000000        0x0 build/obj/hal_ext.o (symbol from plugin)
 .text          0x00000000        0x0 build/obj/hal_gpt.o (symbol from plugin)
 .text          0x00000000        0x0 build/obj/hal_icu.o (symbol from plugin)
 .text          0x00000000        0x0 build/obj/hal_pal.o (symbol from plugin)
 .text          0x00000000        0x0 build/obj/hal_serial.o (symbol from plugin)
 .text          0x00000000        0x0 build/obj/nvic.o (symbol from plugin)
 .text          0x00000000        0x0 build/obj/hal_lld.o (symbol from plugin)
 .text          0x00000000        0x0 build/obj/hal_ext_lld_isr.o (symbol from plugin)
 .text          0x00000000        0x0 build/obj/hal_adc_lld.o (symbol from plugin)
 .text          0x00000000        0x0 build/obj/stm32_dma.o (symbol from plugin)
 .text          0x00000000        0x0 build/obj/hal_ext_lld.o (symbol from plugin)
 .text          0x00000000        0x0 build/obj/hal_pal_lld.o (symbol from plugin)
 .text          0x00000000        0x0 build/obj/hal_st_lld.o (symbol from plugin)
 .text          0x00000000        0x0 build/obj/hal_gpt_lld.o (symbol from plugin)
 .text          0x00000000        0x0 build/obj/hal_icu_lld.o (symbol from plugin)
[...]
Memory Configuration

Name             Origin             Length             Attributes
flash0           0x08000000         0x00200000
flash1           0x00200000         0x00200000
flash2           0x00000000         0x00000000
flash3           0x00000000         0x00000000
flash4           0x00000000         0x00000000
flash5           0x00000000         0x00000000
flash6           0x00000000         0x00000000
flash7           0x00000000         0x00000000
ram0             0x20020000         0x00060000
ram1             0x20020000         0x0005c000
ram2             0x2007c000         0x00004000
ram3             0x20000000         0x00020000
ram4             0x00000000         0x00004000
ram5             0x40024000         0x00001000
ram6             0x00000000         0x00000000
ram7             0x00000000         0x00000000
*default*        0x00000000         0xffffffff

Linker script and memory map

LOAD build/obj/crt0_v7m.o
LOAD build/obj/chcoreasm_v7m.o
LOAD build/obj/crt1.o
LOAD C:\Users\8FEE~1\AppData\Local\Temp\ccZZsVy2.ltrans0.ltrans.o
LOAD C:\Users\8FEE~1\AppData\Local\Temp\ccZZsVy2.ltrans1.ltrans.o
LOAD C:\Users\8FEE~1\AppData\Local\Temp\ccZZsVy2.ltrans2.ltrans.o
LOAD C:\Users\8FEE~1\AppData\Local\Temp\ccZZsVy2.ltrans3.ltrans.o
LOAD build/obj/vectors.o
LOAD build/obj/chsys.o
LOAD build/obj/chdebug.o
LOAD build/obj/chtrace.o
LOAD build/obj/chvt.o
LOAD build/obj/chschd.o
LOAD build/obj/chthreads.o
LOAD build/obj/chtm.o
LOAD build/obj/chregistry.o
LOAD build/obj/chsem.o
LOAD build/obj/chmtx.o
LOAD build/obj/chcond.o
LOAD build/obj/chevents.o
LOAD build/obj/chmsg.o
LOAD build/obj/chdynamic.o
LOAD build/obj/chmboxes.o
LOAD build/obj/chmemcore.o
LOAD build/obj/chheap.o
LOAD build/obj/chmempools.o
LOAD build/obj/chcore.o
LOAD build/obj/chcore_v7m.o
LOAD build/obj/osal.o
LOAD build/obj/hal.o
LOAD build/obj/hal_st.o
LOAD build/obj/hal_buffers.o
LOAD build/obj/hal_queues.o
LOAD build/obj/hal_mmcsd.o
LOAD build/obj/hal_adc.o
LOAD build/obj/hal_ext.o
LOAD build/obj/hal_gpt.o
LOAD build/obj/hal_icu.o
LOAD build/obj/hal_pal.o
LOAD build/obj/hal_serial.o
LOAD build/obj/nvic.o
LOAD build/obj/hal_lld.o
LOAD build/obj/hal_ext_lld_isr.o
LOAD build/obj/hal_adc_lld.o
LOAD build/obj/stm32_dma.o
LOAD build/obj/hal_ext_lld.o
LOAD build/obj/hal_pal_lld.o
LOAD build/obj/hal_st_lld.o
LOAD build/obj/hal_gpt_lld.o
LOAD build/obj/hal_icu_lld.o
LOAD build/obj/hal_serial_lld.o
LOAD build/obj/board.o
LOAD build/obj/chprintf.o
LOAD build/obj/memstreams.o
LOAD build/obj/nullstreams.o
LOAD build/obj/main.o

.mstack         0x20000000      0x400
                0x20000000                . = ALIGN (0x8)
                0x20000000                __main_stack_base__ = .
                0x20000400                . = (. + __main_stack_size__)
 *fill*         0x20000000      0x400 
                0x20000400                . = ALIGN (0x8)
                0x20000400                __main_stack_end__ = .

.pstack         0x20000400      0x400
                0x20000400                __process_stack_base__ = .
                0x20000400                __main_thread_stack_base__ = .
                0x20000800                . = (. + __process_stack_size__)
 *fill*         0x20000400      0x400 
                0x20000800                . = ALIGN (0x8)
                0x20000800                __process_stack_end__ = .
                0x20000800                __main_thread_stack_end__ = .

.nocache        0x20000800        0x0
                0x20000800                __nocache_base__ = .
 *(.nocache)
 *(.nocache.*)
 *(.bss.__nocache_*)
                0x20000800                . = ALIGN (0x4)
                0x20000800                __nocache_end__ = .

.eth            0x20000800        0x0
                0x20000800                __eth_base__ = .
 *(.eth)
 *(.eth.*)
 *(.bss.__eth_*)
                0x20000800                . = ALIGN (0x4)
                0x20000800                __eth_end__ = .

.vectors        0x00200000      0x200 load address 0x08000000
 *(.vectors)
 .vectors       0x00200000      0x200 C:\Users\8FEE~1\AppData\Local\Temp\ccZZsVy2.ltrans1.ltrans.o
                0x00200000                _vectors

.xtors          0x00200200        0x0 load address 0x08000200
                0x00200200                __init_array_start = .
 *(SORT(.init_array.*))
 *(.init_array)
                0x00200200                __init_array_end = .
                0x00200200                __fini_array_start = .
 *(.fini_array)
 *(SORT(.fini_array.*))
                0x00200200                __fini_array_end = .

.text           0x00200200     0x26e0 load address 0x08000200
 *(.text)
 .text          0x00200200       0xd4 build/obj/crt0_v7m.o
                0x00200200                Reset_Handler
 .text          0x002002d4       0x28 build/obj/chcoreasm_v7m.o
                0x002002d4                _port_switch
                0x002002e4                _port_thread_start
                0x002002f4                _port_switch_from_isr
                0x002002f8                _port_exit_from_isr
 *(.text.*)
 *fill*         0x002002fc        0x4 
 .text.startup.main
                0x00200300      0xbb8 C:\Users\8FEE~1\AppData\Local\Temp\ccZZsVy2.ltrans0.ltrans.o
                0x00200300                main
 *fill*         0x00200eb8        0x8 
 .text.notify7.lto_priv.39
                0x00200ec0       0x10 C:\Users\8FEE~1\AppData\Local\Temp\ccZZsVy2.ltrans1.ltrans.o
                0x00200ec0                notify7.lto_priv.39
 .text.icu_lld_serve_interrupt
                0x00200ed0       0x8c C:\Users\8FEE~1\AppData\Local\Temp\ccZZsVy2.ltrans1.ltrans.o
 *fill*         0x00200f5c        0x4 
 .text.Blinker.lto_priv.38
                0x00200f60       0x28 C:\Users\8FEE~1\AppData\Local\Temp\ccZZsVy2.ltrans1.ltrans.o
                0x00200f60                Blinker.lto_priv.38
 *fill*         0x00200f88        0x8 
 .text.icuwidthcb_speed.lto_priv.41
                0x00200f90       0x20 C:\Users\8FEE~1\AppData\Local\Temp\ccZZsVy2.ltrans1.ltrans.o
                0x00200f90                icuwidthcb_speed.lto_priv.41
 .text.icuwidthcb_steer.lto_priv.40
                0x00200fb0       0x20 C:\Users\8FEE~1\AppData\Local\Temp\ccZZsVy2.ltrans1.ltrans.o
                0x00200fb0                icuwidthcb_steer.lto_priv.40
 .text.extcb1.lto_priv.42
                0x00200fd0       0x50 C:\Users\8FEE~1\AppData\Local\Temp\ccZZsVy2.ltrans1.ltrans.o
                0x00200fd0                extcb1.lto_priv.42
 .text.VectorA0
                0x00201020       0x14 C:\Users\8FEE~1\AppData\Local\Temp\ccZZsVy2.ltrans1.ltrans.o
 *fill*         0x00201034        0xc 
 .text.VectorF0
                0x00201040       0x14 C:\Users\8FEE~1\AppData\Local\Temp\ccZZsVy2.ltrans1.ltrans.o
 *fill*         0x00201054        0xc 
 .text.VectorF8
                0x00201060        0x4 C:\Users\8FEE~1\AppData\Local\Temp\ccZZsVy2.ltrans1.ltrans.o
 *fill*         0x00201064        0xc 
 .text.VectorB8
                0x00201070       0x34 C:\Users\8FEE~1\AppData\Local\Temp\ccZZsVy2.ltrans1.ltrans.o
 *fill*         0x002010a4        0xc 
 .text.SysTick_Handler
                0x002010b0       0x58 C:\Users\8FEE~1\AppData\Local\Temp\ccZZsVy2.ltrans1.ltrans.o
 *fill*         0x00201108        0x8 
 .text.Vector158
                0x00201110       0x2c C:\Users\8FEE~1\AppData\Local\Temp\ccZZsVy2.ltrans1.ltrans.o
 *fill*         0x0020113c        0x4 
 .text.Vector154
                0x00201140       0x2c C:\Users\8FEE~1\AppData\Local\Temp\ccZZsVy2.ltrans1.ltrans.o
 *fill*         0x0020116c        0x4 
 .text.Vector150
                0x00201170       0x2c C:\Users\8FEE~1\AppData\Local\Temp\ccZZsVy2.ltrans1.ltrans.o
 *fill*         0x0020119c        0x4 
 .text.Vector130
                0x002011a0       0x28 C:\Users\8FEE~1\AppData\Local\Temp\ccZZsVy2.ltrans1.ltrans.o
 *fill*         0x002011c8        0x8 
 .text.Vector12C
                0x002011d0       0x2c C:\Users\8FEE~1\AppData\Local\Temp\ccZZsVy2.ltrans1.ltrans.o
 *fill*         0x002011fc        0x4 
 .text.Vector128
                0x00201200       0x2c C:\Users\8FEE~1\AppData\Local\Temp\ccZZsVy2.ltrans1.ltrans.o
 *fill*         0x0020122c        0x4 
 .text.Vector124
                0x00201230       0x2c C:\Users\8FEE~1\AppData\Local\Temp\ccZZsVy2.ltrans1.ltrans.o
 *fill*         0x0020125c        0x4 
 .text.Vector120
                0x00201260       0x28 C:\Users\8FEE~1\AppData\Local\Temp\ccZZsVy2.ltrans1.ltrans.o
 *fill*         0x00201288        0x8 
 .text.VectorFC
                0x00201290       0x2c C:\Users\8FEE~1\AppData\Local\Temp\ccZZsVy2.ltrans1.ltrans.o
 *fill*         0x002012bc        0x4 
 .text.Vector84
                0x002012c0       0x2c C:\Users\8FEE~1\AppData\Local\Temp\ccZZsVy2.ltrans1.ltrans.o
 *fill*         0x002012ec        0x4 
 .text.Vector80
                0x002012f0       0x2c C:\Users\8FEE~1\AppData\Local\Temp\ccZZsVy2.ltrans1.ltrans.o
 *fill*         0x0020131c        0x4 
 .text.Vector7C
                0x00201320       0x28 C:\Users\8FEE~1\AppData\Local\Temp\ccZZsVy2.ltrans1.ltrans.o
 *fill*         0x00201348        0x8 
 .text.Vector78
                0x00201350       0x2c C:\Users\8FEE~1\AppData\Local\Temp\ccZZsVy2.ltrans1.ltrans.o
 *fill*         0x0020137c        0x4 
 .text.Vector74
                0x00201380       0x2c C:\Users\8FEE~1\AppData\Local\Temp\ccZZsVy2.ltrans1.ltrans.o
 *fill*         0x002013ac        0x4 
 .text.Vector70
                0x002013b0       0x2c C:\Users\8FEE~1\AppData\Local\Temp\ccZZsVy2.ltrans1.ltrans.o
 *fill*         0x002013dc        0x4 
 .text.Vector6C
                0x002013e0       0x28 C:\Users\8FEE~1\AppData\Local\Temp\ccZZsVy2.ltrans1.ltrans.o
 *fill*         0x00201408        0x8 
 .text.Vector4C
                0x00201410       0x30 C:\Users\8FEE~1\AppData\Local\Temp\ccZZsVy2.ltrans1.ltrans.o
 .text.Vector48
                0x00201440       0x30 C:\Users\8FEE~1\AppData\Local\Temp\ccZZsVy2.ltrans1.ltrans.o
 .text.Vector170
                0x00201470       0x30 C:\Users\8FEE~1\AppData\Local\Temp\ccZZsVy2.ltrans1.ltrans.o
 .text.Vector138
                0x002014a0       0x30 C:\Users\8FEE~1\AppData\Local\Temp\ccZZsVy2.ltrans1.ltrans.o
 .text.VectorE8
                0x002014d0       0x30 C:\Users\8FEE~1\AppData\Local\Temp\ccZZsVy2.ltrans1.ltrans.o
 .text.VectorE4
                0x00201500       0x30 C:\Users\8FEE~1\AppData\Local\Temp\ccZZsVy2.ltrans1.ltrans.o
 .text.Vector44
                0x00201530       0x30 C:\Users\8FEE~1\AppData\Local\Temp\ccZZsVy2.ltrans1.ltrans.o
 .text.VectorE0
                0x00201560       0x80 C:\Users\8FEE~1\AppData\Local\Temp\ccZZsVy2.ltrans1.ltrans.o
 .text.Vector188
                0x002015e0      0x160 C:\Users\8FEE~1\AppData\Local\Temp\ccZZsVy2.ltrans1.ltrans.o
 .text.Vector88
                0x00201740       0x98 C:\Users\8FEE~1\AppData\Local\Temp\ccZZsVy2.ltrans1.ltrans.o
 *fill*         0x002017d8        0x8 
 .text.__early_init
                0x002017e0       0xe8 C:\Users\8FEE~1\AppData\Local\Temp\ccZZsVy2.ltrans1.ltrans.o
                0x002017e0                __early_init
 *fill*         0x002018c8        0x8 
 .text.icu_lld_enable_notifications
                0x002018d0       0x3c C:\Users\8FEE~1\AppData\Local\Temp\ccZZsVy2.ltrans1.ltrans.o
                0x002018d0                icu_lld_enable_notifications
 *fill*         0x0020190c        0x4 
 .text.icu_lld_start
                0x00201910      0x114 C:\Users\8FEE~1\AppData\Local\Temp\ccZZsVy2.ltrans1.ltrans.o
                0x00201910                icu_lld_start
 *fill*         0x00201a24        0xc 
 .text._pal_lld_setgroupmode
                0x00201a30       0xec C:\Users\8FEE~1\AppData\Local\Temp\ccZZsVy2.ltrans1.ltrans.o
                0x00201a30                _pal_lld_setgroupmode
 *fill*         0x00201b1c        0x4 
 .text.SVC_Handler
                0x00201b20       0x1c C:\Users\8FEE~1\AppData\Local\Temp\ccZZsVy2.ltrans2.ltrans.o
                0x00201b20                SVC_Handler
 *fill*         0x00201b3c        0x4 
 .text.chCoreAllocAligned
                0x00201b40       0x48 C:\Users\8FEE~1\AppData\Local\Temp\ccZZsVy2.ltrans2.ltrans.o
                0x00201b40                chCoreAllocAligned
 *fill*         0x00201b88        0x8 
 .text.wakeup   0x00201b90       0x70 C:\Users\8FEE~1\AppData\Local\Temp\ccZZsVy2.ltrans2.ltrans.o
 .text._idle_thread.lto_priv.51
                0x00201c00        0x4 C:\Users\8FEE~1\AppData\Local\Temp\ccZZsVy2.ltrans2.ltrans.o
                0x00201c00                _idle_thread.lto_priv.51
 *fill*         0x00201c04        0xc 
 .text.chSchGoSleepS
                0x00201c10       0x28 C:\Users\8FEE~1\AppData\Local\Temp\ccZZsVy2.ltrans2.ltrans.o
 *fill*         0x00201c38        0x8 
 .text._port_irq_epilogue
                0x00201c40       0x5c C:\Users\8FEE~1\AppData\Local\Temp\ccZZsVy2.ltrans2.ltrans.o
                0x00201c40                _port_irq_epilogue
 *fill*         0x00201c9c        0x4 
 .text.Vector9C
                0x00201ca0       0x70 C:\Users\8FEE~1\AppData\Local\Temp\ccZZsVy2.ltrans2.ltrans.o
                0x00201ca0                Vector9C
 .text.Vector68
                0x00201d10       0x2c C:\Users\8FEE~1\AppData\Local\Temp\ccZZsVy2.ltrans2.ltrans.o
                0x00201d10                Vector68
 *fill*         0x00201d3c        0x4 
 .text.Vector64
                0x00201d40       0x2c C:\Users\8FEE~1\AppData\Local\Temp\ccZZsVy2.ltrans2.ltrans.o
                0x00201d40                Vector64
 *fill*         0x00201d6c        0x4 
 .text.Vector60
                0x00201d70       0x2c C:\Users\8FEE~1\AppData\Local\Temp\ccZZsVy2.ltrans2.ltrans.o
                0x00201d70                Vector60
 *fill*         0x00201d9c        0x4 
 .text.Vector5C
                0x00201da0       0x2c C:\Users\8FEE~1\AppData\Local\Temp\ccZZsVy2.ltrans2.ltrans.o
                0x00201da0                Vector5C
 *fill*         0x00201dcc        0x4 
 .text.Vector58
                0x00201dd0       0x2c C:\Users\8FEE~1\AppData\Local\Temp\ccZZsVy2.ltrans2.ltrans.o
                0x00201dd0                Vector58
 *fill*         0x00201dfc        0x4 
 .text.chMBPostI
                0x00201e00       0x48 C:\Users\8FEE~1\AppData\Local\Temp\ccZZsVy2.ltrans2.ltrans.o
                0x00201e00                chMBPostI
 *fill*         0x00201e48        0x8 
 .text.chTMStopMeasurementX
                0x00201e50       0x44 C:\Users\8FEE~1\AppData\Local\Temp\ccZZsVy2.ltrans2.ltrans.o
                0x00201e50                chTMStopMeasurementX
 *fill*         0x00201e94        0xc 
 .text.chSchDoRescheduleAhead
                0x00201ea0       0x40 C:\Users\8FEE~1\AppData\Local\Temp\ccZZsVy2.ltrans2.ltrans.o
                0x00201ea0                chSchDoReschedule
 .text.chMBFetchS.part.4
                0x00201ee0       0x40 C:\Users\8FEE~1\AppData\Local\Temp\ccZZsVy2.ltrans2.ltrans.o
                0x00201ee0                chMBFetchS.part.4
 .text.chSchGoSleepTimeoutS
                0x00201f20       0x88 C:\Users\8FEE~1\AppData\Local\Temp\ccZZsVy2.ltrans2.ltrans.o
                0x00201f20                chSchGoSleepTimeoutS
 *fill*         0x00201fa8        0x8 
 .text.chThdEnqueueTimeoutS
                0x00201fb0       0x28 C:\Users\8FEE~1\AppData\Local\Temp\ccZZsVy2.ltrans2.ltrans.o
                0x00201fb0                chThdEnqueueTimeoutS
 *fill*         0x00201fd8        0x8 
 .text.oqWriteTimeout
                0x00201fe0       0xb8 C:\Users\8FEE~1\AppData\Local\Temp\ccZZsVy2.ltrans2.ltrans.o
 *fill*         0x00202098        0x8 
 .text._writet.lto_priv.49
                0x002020a0        0x8 C:\Users\8FEE~1\AppData\Local\Temp\ccZZsVy2.ltrans2.ltrans.o
                0x002020a0                _writet.lto_priv.49
 *fill*         0x002020a8        0x8 
 .text._write.lto_priv.43
                0x002020b0        0xc C:\Users\8FEE~1\AppData\Local\Temp\ccZZsVy2.ltrans2.ltrans.o
                0x002020b0                _write.lto_priv.43
 *fill*         0x002020bc        0x4 
 .text.oqPutTimeout
                0x002020c0       0x54 C:\Users\8FEE~1\AppData\Local\Temp\ccZZsVy2.ltrans2.ltrans.o
 *fill*         0x00202114        0xc 
 .text._putt.lto_priv.47
                0x00202120        0x8 C:\Users\8FEE~1\AppData\Local\Temp\ccZZsVy2.ltrans2.ltrans.o
                0x00202120                _putt.lto_priv.47
 *fill*         0x00202128        0x8 
 .text._put.lto_priv.45
                0x00202130        0xc C:\Users\8FEE~1\AppData\Local\Temp\ccZZsVy2.ltrans2.ltrans.o
                0x00202130                _put.lto_priv.45
 *fill*         0x0020213c        0x4 
 .text.iqReadTimeout
                0x00202140       0xb8 C:\Users\8FEE~1\AppData\Local\Temp\ccZZsVy2.ltrans2.ltrans.o
 *fill*         0x002021f8        0x8 
 .text._readt.lto_priv.50
                0x00202200        0x8 C:\Users\8FEE~1\AppData\Local\Temp\ccZZsVy2.ltrans2.ltrans.o
                0x00202200                _readt.lto_priv.50
 *fill*         0x00202208        0x8 
 .text._read.lto_priv.44
                0x00202210        0xc C:\Users\8FEE~1\AppData\Local\Temp\ccZZsVy2.ltrans2.ltrans.o
                0x00202210                _read.lto_priv.44
 *fill*         0x0020221c        0x4 
 .text.iqGetTimeout
                0x00202220       0x50 C:\Users\8FEE~1\AppData\Local\Temp\ccZZsVy2.ltrans2.ltrans.o
 .text._gett.lto_priv.48
                0x00202270        0x8 C:\Users\8FEE~1\AppData\Local\Temp\ccZZsVy2.ltrans2.ltrans.o
                0x00202270                _gett.lto_priv.48
 *fill*         0x00202278        0x8 
 .text._get.lto_priv.46
                0x00202280        0xc C:\Users\8FEE~1\AppData\Local\Temp\ccZZsVy2.ltrans2.ltrans.o
                0x00202280                _get.lto_priv.46
 *fill*         0x0020228c        0x4 
 .text.chSchReadyI
                0x00202290       0x2c C:\Users\8FEE~1\AppData\Local\Temp\ccZZsVy2.ltrans2.ltrans.o
                0x00202290                chSchReadyI
 *fill*         0x002022bc        0x4 
 .text.chThdExit
                0x002022c0       0x50 C:\Users\8FEE~1\AppData\Local\Temp\ccZZsVy2.ltrans2.ltrans.o
                0x002022c0                chThdExit
 .text._unhandled_exception
                0x00202310        0x4 C:\Users\8FEE~1\AppData\Local\Temp\ccZZsVy2.ltrans2.ltrans.o
                0x00202310                VectorAC
                0x00202310                DebugMon_Handler
                0x00202310                Vector1A0
                0x00202310                Vector11C
                0x00202310                HardFault_Handler
                0x00202310                Vector1B8
                0x00202310                Vector1F0
                0x00202310                Vector19C
                0x00202310                Vector1EC
                0x00202310                Vector8C
                0x00202310                VectorDC
                0x00202310                PendSV_Handler
                0x00202310                Vector168
                0x00202310                NMI_Handler
                0x00202310                Vector110
                0x00202310                Vector1D8
                0x00202310                Vector1F4
                0x00202310                VectorC8
                0x00202310                Vector94
                0x00202310                VectorA8
                0x00202310                VectorB4
                0x00202310                Vector1FC
                0x00202310                Vector160
                0x00202310                Vector1B0
                0x00202310                UsageFault_Handler
                0x00202310                VectorEC
                0x00202310                Vector40
                0x00202310                Vector108
                0x00202310                VectorBC
                0x00202310                Vector190
                0x00202310                Vector1E0
                0x00202310                Vector1F8
                0x00202310                Vector1C4
                0x00202310                Vector1CC
                0x00202310                Vector1E4
                0x00202310                Vector148
                0x00202310                Vector198
                0x00202310                Vector118
                0x00202310                VectorCC
                0x00202310                Vector54
                0x00202310                Vector98
                0x00202310                VectorD8
                0x00202310                Vector24
                0x00202310                Vector1AC
                0x00202310                Vector178
                0x00202310                Vector1A4
                0x00202310                VectorD0
                0x00202310                Vector1B4
                0x00202310                Vector140
                0x00202310                VectorC0
                0x00202310                Vector1C0
                0x00202310                Vector134
                0x00202310                Vector1D0
                0x00202310                Vector13C
                0x00202310                Vector100
                0x00202310                VectorF4
                0x00202310                MemManage_Handler
                0x00202310                VectorC4
                0x00202310                Vector180
                0x00202310                VectorB0
                0x00202310                Vector90
                0x00202310                Vector114
                0x00202310                Vector164
                0x00202310                Vector1C
                0x00202310                Vector1BC
                0x00202310                Vector1D4
                0x00202310                Vector17C
                0x00202310                Vector1A8
                0x00202310                Vector16C
                0x00202310                VectorD4
                0x00202310                Vector144
                0x00202310                Vector15C
                0x00202310                Vector1E8
                0x00202310                _unhandled_exception
                0x00202310                Vector104
                0x00202310                Vector184
                0x00202310                Vector10C
                0x00202310                Vector14C
                0x00202310                BusFault_Handler
                0x00202310                Vector50
                0x00202310                Vector1C8
                0x00202310                Vector194
                0x00202310                Vector1DC
                0x00202310                Vector28
                0x00202310                Vector34
                0x00202310                VectorA4
                0x00202310                Vector20
                0x00202310                Vector18C
                0x00202310                Vector174
 *fill*         0x00202314        0xc 
 .text.__init_ram_areas
                0x00202320       0x60 C:\Users\8FEE~1\AppData\Local\Temp\ccZZsVy2.ltrans2.ltrans.o
                0x00202320                __init_ram_areas
 .text.__default_exit
                0x00202380        0x4 C:\Users\8FEE~1\AppData\Local\Temp\ccZZsVy2.ltrans2.ltrans.o
                0x00202380                __default_exit
 *fill*         0x00202384        0xc 
 .text.__late_init
                0x00202390        0x4 C:\Users\8FEE~1\AppData\Local\Temp\ccZZsVy2.ltrans2.ltrans.o
                0x00202390                __late_init
 *fill*         0x00202394        0xc 
 .text.__core_init
                0x002023a0       0x7c C:\Users\8FEE~1\AppData\Local\Temp\ccZZsVy2.ltrans2.ltrans.o
                0x002023a0                __core_init
 *fill*         0x0020241c        0x4 
 .text.chSchWakeupS.constprop.37
                0x00202420       0x5c C:\Users\8FEE~1\AppData\Local\Temp\ccZZsVy2.ltrans3.ltrans.o
                0x00202420                chSchWakeupS.constprop.37
 *fill*         0x0020247c        0x4 
 .text.chTMStartMeasurementX.constprop.33
                0x00202480        0xc C:\Users\8FEE~1\AppData\Local\Temp\ccZZsVy2.ltrans3.ltrans.o
                0x00202480                chTMStartMeasurementX.constprop.33
 *fill*         0x0020248c        0x4 
 .text.chThdDequeueNextI.constprop.29
                0x00202490       0x20 C:\Users\8FEE~1\AppData\Local\Temp\ccZZsVy2.ltrans3.ltrans.o
                0x00202490                chThdDequeueNextI.constprop.29
 .text.chEvtBroadcastFlagsI.constprop.28
                0x002024b0       0x64 C:\Users\8FEE~1\AppData\Local\Temp\ccZZsVy2.ltrans3.ltrans.o
                0x002024b0                chEvtBroadcastFlagsI.constprop.28
 *fill*         0x00202514        0xc 
 .text.chprintf.constprop.0
                0x00202520      0x3c0 C:\Users\8FEE~1\AppData\Local\Temp\ccZZsVy2.ltrans3.ltrans.o
                0x00202520                chprintf.constprop.0
 *(.glue_7t)
 .glue_7t       0x002028e0        0x0 linker stubs
 *(.glue_7)
 .glue_7        0x002028e0        0x0 linker stubs
 *(.gcc*)

.vfp11_veneer   0x002028e0        0x0 load address 0x080028e0
 .vfp11_veneer  0x002028e0        0x0 linker stubs

.v4_bx          0x002028e0        0x0 load address 0x080028e0
 .v4_bx         0x002028e0        0x0 linker stubs

.iplt           0x002028e0        0x0 load address 0x080028e0
 .iplt          0x002028e0        0x0 build/obj/crt0_v7m.o

.rodata         0x080028e0      0x2d4
                0x080028e0                . = ALIGN (0x4)
                0x080028e0                __rodata_base__ = .
 *(.rodata)
 *(.rodata.*)
 .rodata._stm32_dma_streams
                0x080028e0       0xc0 C:\Users\8FEE~1\AppData\Local\Temp\ccZZsVy2.ltrans0.ltrans.o
 .rodata.ch_debug
                0x080029a0       0x16 C:\Users\8FEE~1\AppData\Local\Temp\ccZZsVy2.ltrans0.ltrans.o
 *fill*         0x080029b6        0x2 
 .rodata.extcfg
                0x080029b8       0xc0 C:\Users\8FEE~1\AppData\Local\Temp\ccZZsVy2.ltrans0.ltrans.o
 .rodata.gpt4cfg1
                0x08002a78       0x10 C:\Users\8FEE~1\AppData\Local\Temp\ccZZsVy2.ltrans0.ltrans.o
 .rodata.icucfg_speed
                0x08002a88       0x1c C:\Users\8FEE~1\AppData\Local\Temp\ccZZsVy2.ltrans0.ltrans.o
 .rodata.icucfg_steer
                0x08002aa4       0x1c C:\Users\8FEE~1\AppData\Local\Temp\ccZZsVy2.ltrans0.ltrans.o
 .rodata.main.str1.4
                0x08002ac0       0x49 C:\Users\8FEE~1\AppData\Local\Temp\ccZZsVy2.ltrans0.ltrans.o
 *fill*         0x08002b09        0x3 
 .rodata.vmt    0x08002b0c       0x20 C:\Users\8FEE~1\AppData\Local\Temp\ccZZsVy2.ltrans0.ltrans.o
 .rodata.ram_areas
                0x08002b2c       0x80 C:\Users\8FEE~1\AppData\Local\Temp\ccZZsVy2.ltrans2.ltrans.o
 .rodata.chprintf.constprop.0.str1.4
                0x08002bac        0x8 C:\Users\8FEE~1\AppData\Local\Temp\ccZZsVy2.ltrans3.ltrans.o
                                  0x7 (size before relaxing)
                0x08002bb4                . = ALIGN (0x4)
                0x08002bb4                __rodata_end__ = .

.rel.dyn        0x08002bb4        0x0
 .rel.iplt      0x08002bb4        0x0 build/obj/crt0_v7m.o

.ARM.extab
 *(.ARM.extab* .gnu.linkonce.armextab.*)

.ARM.exidx      0x002028e0        0x0 load address 0x08002bb4
                0x002028e0                __exidx_start = .
 *(.ARM.exidx* .gnu.linkonce.armexidx.*)
                0x002028e0                __exidx_end = .

.eh_frame_hdr
 *(.eh_frame_hdr)

.eh_frame
 *(.eh_frame)
                0x20020000                __ram0_start__ = ORIGIN (ram0)
                0x00060000                __ram0_size__ = LENGTH (ram0)
                0x20080000                __ram0_end__ = (__ram0_start__ + __ram0_size__)
                0x20020000                __ram1_start__ = ORIGIN (ram1)
                0x0005c000                __ram1_size__ = LENGTH (ram1)
                0x2007c000                __ram1_end__ = (__ram1_start__ + __ram1_size__)
                0x2007c000                __ram2_start__ = ORIGIN (ram2)
                0x00004000                __ram2_size__ = LENGTH (ram2)
                0x20080000                __ram2_end__ = (__ram2_start__ + __ram2_size__)
                0x20000000                __ram3_start__ = ORIGIN (ram3)
                0x00020000                __ram3_size__ = LENGTH (ram3)
                0x20020000                __ram3_end__ = (__ram3_start__ + __ram3_size__)
                0x00000000                __ram4_start__ = ORIGIN (ram4)
                0x00004000                __ram4_size__ = LENGTH (ram4)
                0x00004000                __ram4_end__ = (__ram4_start__ + __ram4_size__)
                0x40024000                __ram5_start__ = ORIGIN (ram5)
                0x00001000                __ram5_size__ = LENGTH (ram5)
                0x40025000                __ram5_end__ = (__ram5_start__ + __ram5_size__)
                0x00000000                __ram6_start__ = ORIGIN (ram6)
                0x00000000                __ram6_size__ = LENGTH (ram6)
                0x00000000                __ram6_end__ = (__ram6_start__ + __ram6_size__)
                0x00000000                __ram7_start__ = ORIGIN (ram7)
                0x00000000                __ram7_size__ = LENGTH (ram7)
                0x00000000                __ram7_end__ = (__ram7_start__ + __ram7_size__)

.data           0x20020000        0x0 load address 0x08002bb4
                0x20020000                . = ALIGN (0x4)
                [!provide]                PROVIDE (_textdata, LOADADDR (.data))
                [!provide]                PROVIDE (_data, .)
                0x08002bb4                _textdata_start = LOADADDR (.data)
                0x20020000                _data_start = .
 *(.data)
 *(.data.*)
 *(.ramtext)
                0x20020000                . = ALIGN (0x4)
                [!provide]                PROVIDE (_edata, .)
                0x20020000                _data_end = .

.igot.plt       0x20020000        0x0 load address 0x08002bb4
 .igot.plt      0x20020000        0x0 build/obj/crt0_v7m.o

.bss            0x20000800      0x710
                0x20000800                . = ALIGN (0x4)
                0x20000800                _bss_start = .
 *(.bss)
 *(.bss.*)
 .bss.ADCD1     0x20000800       0x34 C:\Users\8FEE~1\AppData\Local\Temp\ccZZsVy2.ltrans0.ltrans.o
                0x20000800                ADCD1
 .bss.EXTD1     0x20000834        0x8 C:\Users\8FEE~1\AppData\Local\Temp\ccZZsVy2.ltrans0.ltrans.o
                0x20000834                EXTD1
 .bss.GPTD4     0x2000083c       0x10 C:\Users\8FEE~1\AppData\Local\Temp\ccZZsVy2.ltrans0.ltrans.o
                0x2000083c                GPTD4
 .bss.ICUD8     0x2000084c       0x18 C:\Users\8FEE~1\AppData\Local\Temp\ccZZsVy2.ltrans0.ltrans.o
                0x2000084c                ICUD8
 .bss.ICUD9     0x20000864       0x18 C:\Users\8FEE~1\AppData\Local\Temp\ccZZsVy2.ltrans0.ltrans.o
                0x20000864                ICUD9
 .bss.b_speed   0x2000087c       0xc8 C:\Users\8FEE~1\AppData\Local\Temp\ccZZsVy2.ltrans0.ltrans.o
 .bss.b_steer   0x20000944       0xc8 C:\Users\8FEE~1\AppData\Local\Temp\ccZZsVy2.ltrans0.ltrans.o
 .bss.buffer_test_mb
                0x20000a0c       0xc8 C:\Users\8FEE~1\AppData\Local\Temp\ccZZsVy2.ltrans0.ltrans.o
 *fill*         0x20000ad4        0x4 
 .bss.ch_idle_thread_wa
                0x20000ad8       0xd8 C:\Users\8FEE~1\AppData\Local\Temp\ccZZsVy2.ltrans0.ltrans.o
 .bss.default_heap
                0x20000bb0       0x20 C:\Users\8FEE~1\AppData\Local\Temp\ccZZsVy2.ltrans0.ltrans.o
 .bss.dma_isr_redir.lto_priv.55
                0x20000bd0       0x80 C:\Users\8FEE~1\AppData\Local\Temp\ccZZsVy2.ltrans0.ltrans.o
                0x20000bd0                dma_isr_redir.lto_priv.55
 .bss.endmem.lto_priv.57
                0x20000c50        0x4 C:\Users\8FEE~1\AppData\Local\Temp\ccZZsVy2.ltrans0.ltrans.o
                0x20000c50                endmem.lto_priv.57
 .bss.nextmem.lto_priv.56
                0x20000c54        0x4 C:\Users\8FEE~1\AppData\Local\Temp\ccZZsVy2.ltrans0.ltrans.o
                0x20000c54                nextmem.lto_priv.56
 .bss.sd_in_buf7
                0x20000c58       0x10 C:\Users\8FEE~1\AppData\Local\Temp\ccZZsVy2.ltrans0.ltrans.o
 .bss.sd_out_buf7
                0x20000c68       0x10 C:\Users\8FEE~1\AppData\Local\Temp\ccZZsVy2.ltrans0.ltrans.o
 .bss.speed_mb.lto_priv.52
                0x20000c78       0x28 C:\Users\8FEE~1\AppData\Local\Temp\ccZZsVy2.ltrans0.ltrans.o
                0x20000c78                speed_mb.lto_priv.52
 .bss.steer_mb.lto_priv.53
                0x20000ca0       0x28 C:\Users\8FEE~1\AppData\Local\Temp\ccZZsVy2.ltrans0.ltrans.o
                0x20000ca0                steer_mb.lto_priv.53
 .bss.test_mb.lto_priv.54
                0x20000cc8       0x28 C:\Users\8FEE~1\AppData\Local\Temp\ccZZsVy2.ltrans0.ltrans.o
                0x20000cc8                test_mb.lto_priv.54
 .bss.waBlinker
                0x20000cf0      0x148 C:\Users\8FEE~1\AppData\Local\Temp\ccZZsVy2.ltrans0.ltrans.o
 .bss.front_time.7959
                0x20000e38        0x4 C:\Users\8FEE~1\AppData\Local\Temp\ccZZsVy2.ltrans1.ltrans.o
 .bss.SD7       0x20000e3c       0x60 C:\Users\8FEE~1\AppData\Local\Temp\ccZZsVy2.ltrans3.ltrans.o
                0x20000e3c                SD7
 .bss.ch        0x20000e9c       0x74 C:\Users\8FEE~1\AppData\Local\Temp\ccZZsVy2.ltrans3.ltrans.o
                0x20000e9c                ch
 *(COMMON)
                0x20000f10                . = ALIGN (0x4)
                0x20000f10                _bss_end = .
                [!provide]                PROVIDE (end, .)

.ram0_init      0x20020000        0x0 load address 0x08002bb4
                0x20020000                . = ALIGN (0x4)
                0x08002bb4                __ram0_init_text__ = LOADADDR (.ram0_init)
                0x20020000                __ram0_init__ = .
 *(.ram0_init)
 *(.ram0_init.*)
                0x20020000                . = ALIGN (0x4)

.ram0           0x20020000        0x0 load address 0x08002bb4
                0x20020000                . = ALIGN (0x4)
                0x20020000                __ram0_clear__ = .
 *(.ram0_clear)
 *(.ram0_clear.*)
                0x20020000                . = ALIGN (0x4)
                0x20020000                __ram0_noinit__ = .
 *(.ram0)
 *(.ram0.*)
                0x20020000                . = ALIGN (0x4)
                0x20020000                __ram0_free__ = .

.ram1_init      0x20020000        0x0 load address 0x08002bb4
                0x20020000                . = ALIGN (0x4)
                0x08002bb4                __ram1_init_text__ = LOADADDR (.ram1_init)
                0x20020000                __ram1_init__ = .
 *(.ram1_init)
 *(.ram1_init.*)
                0x20020000                . = ALIGN (0x4)

.ram1           0x20020000        0x0 load address 0x08002bb4
                0x20020000                . = ALIGN (0x4)
                0x20020000                __ram1_clear__ = .
 *(.ram1_clear)
 *(.ram1_clear.*)
                0x20020000                . = ALIGN (0x4)
                0x20020000                __ram1_noinit__ = .
 *(.ram1)
 *(.ram1.*)
                0x20020000                . = ALIGN (0x4)
                0x20020000                __ram1_free__ = .

.ram2_init      0x2007c000        0x0 load address 0x08002bb4
                0x2007c000                . = ALIGN (0x4)
                0x08002bb4                __ram2_init_text__ = LOADADDR (.ram2_init)
                0x2007c000                __ram2_init__ = .
 *(.ram2_init)
 *(.ram2_init.*)
                0x2007c000                . = ALIGN (0x4)

.ram2           0x2007c000        0x0 load address 0x08002bb4
                0x2007c000                . = ALIGN (0x4)
                0x2007c000                __ram2_clear__ = .
 *(.ram2_clear)
 *(.ram2_clear.*)
                0x2007c000                . = ALIGN (0x4)
                0x2007c000                __ram2_noinit__ = .
 *(.ram2)
 *(.ram2.*)
                0x2007c000                . = ALIGN (0x4)
                0x2007c000                __ram2_free__ = .

.ram3_init      0x20000f10        0x0 load address 0x08002bb4
                0x20000f10                . = ALIGN (0x4)
                0x08002bb4                __ram3_init_text__ = LOADADDR (.ram3_init)
                0x20000f10                __ram3_init__ = .
 *(.ram3_init)
 *(.ram3_init.*)
                0x20000f10                . = ALIGN (0x4)

.ram3           0x20000f10        0x0 load address 0x08002bb4
                0x20000f10                . = ALIGN (0x4)
                0x20000f10                __ram3_clear__ = .
 *(.ram3_clear)
 *(.ram3_clear.*)
                0x20000f10                . = ALIGN (0x4)
                0x20000f10                __ram3_noinit__ = .
 *(.ram3)
 *(.ram3.*)
                0x20000f10                . = ALIGN (0x4)
                0x20000f10                __ram3_free__ = .

.ram4_init      0x00000000        0x0 load address 0x08002bb4
                0x00000000                . = ALIGN (0x4)
                0x08002bb4                __ram4_init_text__ = LOADADDR (.ram4_init)
                0x00000000                __ram4_init__ = .
 *(.ram4_init)
 *(.ram4_init.*)
                0x00000000                . = ALIGN (0x4)

.ram4           0x00000000        0x0 load address 0x08002bb4
                0x00000000                . = ALIGN (0x4)
                0x00000000                __ram4_clear__ = .
 *(.ram4_clear)
 *(.ram4_clear.*)
                0x00000000                . = ALIGN (0x4)
                0x00000000                __ram4_noinit__ = .
 *(.ram4)
 *(.ram4.*)
                0x00000000                . = ALIGN (0x4)
                0x00000000                __ram4_free__ = .

.ram5_init      0x40024000        0x0 load address 0x08002bb4
                0x40024000                . = ALIGN (0x4)
                0x08002bb4                __ram5_init_text__ = LOADADDR (.ram5_init)
                0x40024000                __ram5_init__ = .
 *(.ram5_init)
 *(.ram5_init.*)
                0x40024000                . = ALIGN (0x4)

.ram5           0x40024000        0x0 load address 0x08002bb4
                0x40024000                . = ALIGN (0x4)
                0x40024000                __ram5_clear__ = .
 *(.ram5_clear)
 *(.ram5_clear.*)
                0x40024000                . = ALIGN (0x4)
                0x40024000                __ram5_noinit__ = .
 *(.ram5)
 *(.ram5.*)
                0x40024000                . = ALIGN (0x4)
                0x40024000                __ram5_free__ = .

.ram6_init      0x00000000        0x0 load address 0x08002bb4
                0x00000000                . = ALIGN (0x4)
                0x08002bb4                __ram6_init_text__ = LOADADDR (.ram6_init)
                0x00000000                __ram6_init__ = .
 *(.ram6_init)
 *(.ram6_init.*)
                0x00000000                . = ALIGN (0x4)

.ram6           0x00000000        0x0 load address 0x08002bb4
                0x00000000                . = ALIGN (0x4)
                0x00000000                __ram6_clear__ = .
 *(.ram6_clear)
 *(.ram6_clear.*)
                0x00000000                . = ALIGN (0x4)
                0x00000000                __ram6_noinit__ = .
 *(.ram6)
 *(.ram6.*)
                0x00000000                . = ALIGN (0x4)
                0x00000000                __ram6_free__ = .

.ram7_init      0x00000000        0x0 load address 0x08002bb4
                0x00000000                . = ALIGN (0x4)
                0x08002bb4                __ram7_init_text__ = LOADADDR (.ram7_init)
                0x00000000                __ram7_init__ = .
 *(.ram7_init)
 *(.ram7_init.*)
                0x00000000                . = ALIGN (0x4)

.ram7           0x00000000        0x0 load address 0x08002bb4
                0x00000000                . = ALIGN (0x4)
                0x00000000                __ram7_clear__ = .
 *(.ram7_clear)
 *(.ram7_clear.*)
                0x00000000                . = ALIGN (0x4)
                0x00000000                __ram7_noinit__ = .
 *(.ram7)
 *(.ram7.*)
                0x00000000                . = ALIGN (0x4)
                0x00000000                __ram7_free__ = .

.heap           0x20020000    0x60000
                0x20020000                . = ALIGN (0x8)
                0x20020000                __heap_base__ = .
                0x20080000                . = (ORIGIN (HEAP_RAM) + LENGTH (HEAP_RAM))
 *fill*         0x20020000    0x60000 
                0x20080000                __heap_end__ = .
                0x00000400                __process_stack_size__ = 0x400
                0x00000400                __main_stack_size__ = 0x400
START GROUP
LOAD d:/chibistudio_preview19/chibistudio/tools/gnu tools arm embedded/6.3 2017q1/bin/../lib/gcc/arm-none-eabi/6.3.1/thumb/v7e-m\libgcc.a
LOAD d:/chibistudio_preview19/chibistudio/tools/gnu tools arm embedded/6.3 2017q1/bin/../lib/gcc/arm-none-eabi/6.3.1/../../../../arm-none-eabi/lib/thumb/v7e-m\libg.a
LOAD d:/chibistudio_preview19/chibistudio/tools/gnu tools arm embedded/6.3 2017q1/bin/../lib/gcc/arm-none-eabi/6.3.1/../../../../arm-none-eabi/lib/thumb/v7e-m\libc.a
END GROUP
OUTPUT(build/ch.elf elf32-littlearm)

.ARM.attributes
                0x00000000       0x2d
 .ARM.attributes
                0x00000000       0x21 build/obj/crt0_v7m.o
 .ARM.attributes
                0x00000021       0x21 build/obj/chcoreasm_v7m.o
 .ARM.attributes
                0x00000042       0x31 C:\Users\8FEE~1\AppData\Local\Temp\ccZZsVy2.ltrans0.ltrans.o
 .ARM.attributes
                0x00000073       0x31 C:\Users\8FEE~1\AppData\Local\Temp\ccZZsVy2.ltrans1.ltrans.o
 .ARM.attributes
                0x000000a4       0x31 C:\Users\8FEE~1\AppData\Local\Temp\ccZZsVy2.ltrans2.ltrans.o
 .ARM.attributes
                0x000000d5       0x31 C:\Users\8FEE~1\AppData\Local\Temp\ccZZsVy2.ltrans3.ltrans.o

.comment        0x00000000       0x7f
 .comment       0x00000000       0x7f C:\Users\8FEE~1\AppData\Local\Temp\ccZZsVy2.ltrans0.ltrans.o
                                 0x80 (size before relaxing)
 .comment       0x0000007f       0x80 C:\Users\8FEE~1\AppData\Local\Temp\ccZZsVy2.ltrans1.ltrans.o
 .comment       0x0000007f       0x80 C:\Users\8FEE~1\AppData\Local\Temp\ccZZsVy2.ltrans2.ltrans.o
 .comment       0x0000007f       0x80 C:\Users\8FEE~1\AppData\Local\Temp\ccZZsVy2.ltrans3.ltrans.o

.debug_info     0x00000000     0xa241
 .debug_info    0x00000000     0x3db8 C:\Users\8FEE~1\AppData\Local\Temp\ccZZsVy2.ltrans0.ltrans.o
 .debug_info    0x00003db8     0x2d56 C:\Users\8FEE~1\AppData\Local\Temp\ccZZsVy2.ltrans1.ltrans.o
 .debug_info    0x00006b0e     0x25bb C:\Users\8FEE~1\AppData\Local\Temp\ccZZsVy2.ltrans2.ltrans.o
 .debug_info    0x000090c9     0x1178 C:\Users\8FEE~1\AppData\Local\Temp\ccZZsVy2.ltrans3.ltrans.o

.debug_abbrev   0x00000000     0x1307
 .debug_abbrev  0x00000000      0x418 C:\Users\8FEE~1\AppData\Local\Temp\ccZZsVy2.ltrans0.ltrans.o
 .debug_abbrev  0x00000418      0x546 C:\Users\8FEE~1\AppData\Local\Temp\ccZZsVy2.ltrans1.ltrans.o
 .debug_abbrev  0x0000095e      0x606 C:\Users\8FEE~1\AppData\Local\Temp\ccZZsVy2.ltrans2.ltrans.o
 .debug_abbrev  0x00000f64      0x3a3 C:\Users\8FEE~1\AppData\Local\Temp\ccZZsVy2.ltrans3.ltrans.o

.debug_loc      0x00000000     0x3d19
 .debug_loc     0x00000000     0x11f7 C:\Users\8FEE~1\AppData\Local\Temp\ccZZsVy2.ltrans0.ltrans.o
 .debug_loc     0x000011f7      0xc7d C:\Users\8FEE~1\AppData\Local\Temp\ccZZsVy2.ltrans1.ltrans.o
 .debug_loc     0x00001e74     0x1204 C:\Users\8FEE~1\AppData\Local\Temp\ccZZsVy2.ltrans2.ltrans.o
 .debug_loc     0x00003078      0xca1 C:\Users\8FEE~1\AppData\Local\Temp\ccZZsVy2.ltrans3.ltrans.o

.debug_aranges  0x00000000      0x2f8
 .debug_aranges
                0x00000000       0x20 C:\Users\8FEE~1\AppData\Local\Temp\ccZZsVy2.ltrans0.ltrans.o
 .debug_aranges
                0x00000020      0x158 C:\Users\8FEE~1\AppData\Local\Temp\ccZZsVy2.ltrans1.ltrans.o
 .debug_aranges
                0x00000178      0x140 C:\Users\8FEE~1\AppData\Local\Temp\ccZZsVy2.ltrans2.ltrans.o
 .debug_aranges
                0x000002b8       0x40 C:\Users\8FEE~1\AppData\Local\Temp\ccZZsVy2.ltrans3.ltrans.o

.debug_ranges   0x00000000     0x1928
 .debug_ranges  0x00000000     0x10c8 C:\Users\8FEE~1\AppData\Local\Temp\ccZZsVy2.ltrans0.ltrans.o
 .debug_ranges  0x000010c8      0x328 C:\Users\8FEE~1\AppData\Local\Temp\ccZZsVy2.ltrans1.ltrans.o
 .debug_ranges  0x000013f0      0x3f0 C:\Users\8FEE~1\AppData\Local\Temp\ccZZsVy2.ltrans2.ltrans.o
 .debug_ranges  0x000017e0      0x148 C:\Users\8FEE~1\AppData\Local\Temp\ccZZsVy2.ltrans3.ltrans.o

.debug_line     0x00000000     0x3194
 .debug_line    0x00000000     0x10a4 C:\Users\8FEE~1\AppData\Local\Temp\ccZZsVy2.ltrans0.ltrans.o
 .debug_line    0x000010a4      0xe99 C:\Users\8FEE~1\AppData\Local\Temp\ccZZsVy2.ltrans1.ltrans.o
 .debug_line    0x00001f3d      0xc61 C:\Users\8FEE~1\AppData\Local\Temp\ccZZsVy2.ltrans2.ltrans.o
 .debug_line    0x00002b9e      0x5f6 C:\Users\8FEE~1\AppData\Local\Temp\ccZZsVy2.ltrans3.ltrans.o

.debug_str      0x00000000     0x1e9b
 .debug_str     0x00000000     0x117b C:\Users\8FEE~1\AppData\Local\Temp\ccZZsVy2.ltrans0.ltrans.o
                               0x12dc (size before relaxing)
 .debug_str     0x0000117b      0x580 C:\Users\8FEE~1\AppData\Local\Temp\ccZZsVy2.ltrans1.ltrans.o
                               0x1000 (size before relaxing)
 .debug_str     0x000016fb      0x506 C:\Users\8FEE~1\AppData\Local\Temp\ccZZsVy2.ltrans2.ltrans.o
                                0xb29 (size before relaxing)
 .debug_str     0x00001c01      0x29a C:\Users\8FEE~1\AppData\Local\Temp\ccZZsVy2.ltrans3.ltrans.o
                                0x8f7 (size before relaxing)

.debug_frame    0x00000000      0x994
 .debug_frame   0x00000000       0x2c C:\Users\8FEE~1\AppData\Local\Temp\ccZZsVy2.ltrans0.ltrans.o
 .debug_frame   0x0000002c      0x4a8 C:\Users\8FEE~1\AppData\Local\Temp\ccZZsVy2.ltrans1.ltrans.o
 .debug_frame   0x000004d4      0x3ec C:\Users\8FEE~1\AppData\Local\Temp\ccZZsVy2.ltrans2.ltrans.o
 .debug_frame   0x000008c0       0xd4 C:\Users\8FEE~1\AppData\Local\Temp\ccZZsVy2.ltrans3.ltrans.o

Cross Reference Table

Symbol                                            File
ADCD1                                             C:\Users\8FEE~1\AppData\Local\Temp\ccZZsVy2.ltrans0.ltrans.o
                                                  build/obj/hal_adc_lld.o (symbol from plugin)
                                                  C:\Users\8FEE~1\AppData\Local\Temp\ccZZsVy2.ltrans1.ltrans.o
Blinker.lto_priv.38                               C:\Users\8FEE~1\AppData\Local\Temp\ccZZsVy2.ltrans1.ltrans.o
                                                  C:\Users\8FEE~1\AppData\Local\Temp\ccZZsVy2.ltrans0.ltrans.o
BusFault_Handler                                  C:\Users\8FEE~1\AppData\Local\Temp\ccZZsVy2.ltrans2.ltrans.o
                                                  build/obj/vectors.o (symbol from plugin)
                                                  C:\Users\8FEE~1\AppData\Local\Temp\ccZZsVy2.ltrans1.ltrans.o
DebugMon_Handler                                  C:\Users\8FEE~1\AppData\Local\Temp\ccZZsVy2.ltrans2.ltrans.o
                                                  build/obj/vectors.o (symbol from plugin)
                                                  C:\Users\8FEE~1\AppData\Local\Temp\ccZZsVy2.ltrans1.ltrans.o
EXTD1                                             C:\Users\8FEE~1\AppData\Local\Temp\ccZZsVy2.ltrans0.ltrans.o
                                                  build/obj/hal_ext_lld.o (symbol from plugin)
                                                  C:\Users\8FEE~1\AppData\Local\Temp\ccZZsVy2.ltrans2.ltrans.o
                                                  C:\Users\8FEE~1\AppData\Local\Temp\ccZZsVy2.ltrans1.ltrans.o
                                                  build/obj/main.o (symbol from plugin)
                                                  build/obj/hal_ext_lld_isr.o (symbol from plugin)
GPTD4                                             C:\Users\8FEE~1\AppData\Local\Temp\ccZZsVy2.ltrans0.ltrans.o
                                                  build/obj/hal_gpt_lld.o (symbol from plugin)
                                                  C:\Users\8FEE~1\AppData\Local\Temp\ccZZsVy2.ltrans1.ltrans.o
                                                  build/obj/main.o (symbol from plugin)
HardFault_Handler                                 C:\Users\8FEE~1\AppData\Local\Temp\ccZZsVy2.ltrans2.ltrans.o
                                                  build/obj/vectors.o (symbol from plugin)
                                                  C:\Users\8FEE~1\AppData\Local\Temp\ccZZsVy2.ltrans1.ltrans.o
ICUD8                                             C:\Users\8FEE~1\AppData\Local\Temp\ccZZsVy2.ltrans0.ltrans.o
                                                  build/obj/hal_icu_lld.o (symbol from plugin)
                                                  C:\Users\8FEE~1\AppData\Local\Temp\ccZZsVy2.ltrans1.ltrans.o
                                                  build/obj/main.o (symbol from plugin)
ICUD9                                             C:\Users\8FEE~1\AppData\Local\Temp\ccZZsVy2.ltrans0.ltrans.o
                                                  build/obj/hal_icu_lld.o (symbol from plugin)
                                                  C:\Users\8FEE~1\AppData\Local\Temp\ccZZsVy2.ltrans1.ltrans.o
                                                  build/obj/main.o (symbol from plugin)
MemManage_Handler                                 C:\Users\8FEE~1\AppData\Local\Temp\ccZZsVy2.ltrans2.ltrans.o
                                                  build/obj/vectors.o (symbol from plugin)
                                                  C:\Users\8FEE~1\AppData\Local\Temp\ccZZsVy2.ltrans1.ltrans.o
NMI_Handler                                       C:\Users\8FEE~1\AppData\Local\Temp\ccZZsVy2.ltrans2.ltrans.o
                                                  build/obj/vectors.o (symbol from plugin)
                                                  C:\Users\8FEE~1\AppData\Local\Temp\ccZZsVy2.ltrans1.ltrans.o
PendSV_Handler                                    C:\Users\8FEE~1\AppData\Local\Temp\ccZZsVy2.ltrans2.ltrans.o
                                                  build/obj/vectors.o (symbol from plugin)
                                                  C:\Users\8FEE~1\AppData\Local\Temp\ccZZsVy2.ltrans1.ltrans.o
Reset_Handler                                     build/obj/crt0_v7m.o
                                                  C:\Users\8FEE~1\AppData\Local\Temp\ccZZsVy2.ltrans1.ltrans.o
                                                  build/obj/vectors.o (symbol from plugin)
SD7                                               C:\Users\8FEE~1\AppData\Local\Temp\ccZZsVy2.ltrans3.ltrans.o
                                                  build/obj/hal_serial_lld.o (symbol from plugin)
                                                  C:\Users\8FEE~1\AppData\Local\Temp\ccZZsVy2.ltrans1.ltrans.o
                                                  C:\Users\8FEE~1\AppData\Local\Temp\ccZZsVy2.ltrans0.ltrans.o
                                                  build/obj/main.o (symbol from plugin)
SVC_Handler                                       C:\Users\8FEE~1\AppData\Local\Temp\ccZZsVy2.ltrans2.ltrans.o
                                                  build/obj/chcore_v7m.o (symbol from plugin)
                                                  build/obj/vectors.o (symbol from plugin)
                                                  C:\Users\8FEE~1\AppData\Local\Temp\ccZZsVy2.ltrans1.ltrans.o
SysTick_Handler                                   build/obj/hal_st_lld.o (symbol from plugin)
                                                  build/obj/vectors.o (symbol from plugin)
SystemCoreClock                                   build/obj/hal_lld.o (symbol from plugin)
UsageFault_Handler                                C:\Users\8FEE~1\AppData\Local\Temp\ccZZsVy2.ltrans2.ltrans.o
                                                  build/obj/vectors.o (symbol from plugin)
                                                  C:\Users\8FEE~1\AppData\Local\Temp\ccZZsVy2.ltrans1.ltrans.o
Vector100                                         C:\Users\8FEE~1\AppData\Local\Temp\ccZZsVy2.ltrans2.ltrans.o
                                                  build/obj/vectors.o (symbol from plugin)
                                                  C:\Users\8FEE~1\AppData\Local\Temp\ccZZsVy2.ltrans1.ltrans.o
Vector104                                         C:\Users\8FEE~1\AppData\Local\Temp\ccZZsVy2.ltrans2.ltrans.o
                                                  build/obj/vectors.o (symbol from plugin)
                                                  C:\Users\8FEE~1\AppData\Local\Temp\ccZZsVy2.ltrans1.ltrans.o
Vector108                                         C:\Users\8FEE~1\AppData\Local\Temp\ccZZsVy2.ltrans2.ltrans.o
                                                  build/obj/vectors.o (symbol from plugin)
                                                  C:\Users\8FEE~1\AppData\Local\Temp\ccZZsVy2.ltrans1.ltrans.o
Vector10C                                         C:\Users\8FEE~1\AppData\Local\Temp\ccZZsVy2.ltrans2.ltrans.o
                                                  build/obj/vectors.o (symbol from plugin)
                                                  C:\Users\8FEE~1\AppData\Local\Temp\ccZZsVy2.ltrans1.ltrans.o
Vector110                                         C:\Users\8FEE~1\AppData\Local\Temp\ccZZsVy2.ltrans2.ltrans.o
                                                  build/obj/vectors.o (symbol from plugin)
                                                  C:\Users\8FEE~1\AppData\Local\Temp\ccZZsVy2.ltrans1.ltrans.o
Vector114                                         C:\Users\8FEE~1\AppData\Local\Temp\ccZZsVy2.ltrans2.ltrans.o
                                                  build/obj/vectors.o (symbol from plugin)
                                                  C:\Users\8FEE~1\AppData\Local\Temp\ccZZsVy2.ltrans1.ltrans.o
Vector118                                         C:\Users\8FEE~1\AppData\Local\Temp\ccZZsVy2.ltrans2.ltrans.o
                                                  build/obj/vectors.o (symbol from plugin)
                                                  C:\Users\8FEE~1\AppData\Local\Temp\ccZZsVy2.ltrans1.ltrans.o
Vector11C                                         C:\Users\8FEE~1\AppData\Local\Temp\ccZZsVy2.ltrans2.ltrans.o
                                                  build/obj/vectors.o (symbol from plugin)
                                                  C:\Users\8FEE~1\AppData\Local\Temp\ccZZsVy2.ltrans1.ltrans.o
Vector120                                         build/obj/stm32_dma.o (symbol from plugin)
                                                  build/obj/vectors.o (symbol from plugin)
Vector124                                         build/obj/stm32_dma.o (symbol from plugin)
                                                  build/obj/vectors.o (symbol from plugin)
Vector128                                         build/obj/stm32_dma.o (symbol from plugin)
                                                  build/obj/vectors.o (symbol from plugin)
Vector12C                                         build/obj/stm32_dma.o (symbol from plugin)
                                                  build/obj/vectors.o (symbol from plugin)
Vector130                                         build/obj/stm32_dma.o (symbol from plugin)
                                                  build/obj/vectors.o (symbol from plugin)
Vector134                                         C:\Users\8FEE~1\AppData\Local\Temp\ccZZsVy2.ltrans2.ltrans.o
                                                  build/obj/vectors.o (symbol from plugin)
                                                  C:\Users\8FEE~1\AppData\Local\Temp\ccZZsVy2.ltrans1.ltrans.o
Vector138                                         build/obj/hal_ext_lld_isr.o (symbol from plugin)
                                                  build/obj/vectors.o (symbol from plugin)
Vector13C                                         C:\Users\8FEE~1\AppData\Local\Temp\ccZZsVy2.ltrans2.ltrans.o
                                                  build/obj/vectors.o (symbol from plugin)
                                                  C:\Users\8FEE~1\AppData\Local\Temp\ccZZsVy2.ltrans1.ltrans.o
Vector140                                         C:\Users\8FEE~1\AppData\Local\Temp\ccZZsVy2.ltrans2.ltrans.o
                                                  build/obj/vectors.o (symbol from plugin)
                                                  C:\Users\8FEE~1\AppData\Local\Temp\ccZZsVy2.ltrans1.ltrans.o
Vector144                                         C:\Users\8FEE~1\AppData\Local\Temp\ccZZsVy2.ltrans2.ltrans.o
                                                  build/obj/vectors.o (symbol from plugin)
                                                  C:\Users\8FEE~1\AppData\Local\Temp\ccZZsVy2.ltrans1.ltrans.o
Vector148                                         C:\Users\8FEE~1\AppData\Local\Temp\ccZZsVy2.ltrans2.ltrans.o
                                                  build/obj/vectors.o (symbol from plugin)
                                                  C:\Users\8FEE~1\AppData\Local\Temp\ccZZsVy2.ltrans1.ltrans.o
Vector14C                                         C:\Users\8FEE~1\AppData\Local\Temp\ccZZsVy2.ltrans2.ltrans.o
                                                  build/obj/vectors.o (symbol from plugin)
                                                  C:\Users\8FEE~1\AppData\Local\Temp\ccZZsVy2.ltrans1.ltrans.o
Vector150                                         build/obj/stm32_dma.o (symbol from plugin)
                                                  build/obj/vectors.o (symbol from plugin)
Vector154                                         build/obj/stm32_dma.o (symbol from plugin)
                                                  build/obj/vectors.o (symbol from plugin)
Vector158                                         build/obj/stm32_dma.o (symbol from plugin)
                                                  build/obj/vectors.o (symbol from plugin)
Vector15C                                         C:\Users\8FEE~1\AppData\Local\Temp\ccZZsVy2.ltrans2.ltrans.o
                                                  build/obj/vectors.o (symbol from plugin)
                                                  C:\Users\8FEE~1\AppData\Local\Temp\ccZZsVy2.ltrans1.ltrans.o
Vector160                                         C:\Users\8FEE~1\AppData\Local\Temp\ccZZsVy2.ltrans2.ltrans.o
                                                  build/obj/vectors.o (symbol from plugin)
                                                  C:\Users\8FEE~1\AppData\Local\Temp\ccZZsVy2.ltrans1.ltrans.o
Vector164                                         C:\Users\8FEE~1\AppData\Local\Temp\ccZZsVy2.ltrans2.ltrans.o
                                                  build/obj/vectors.o (symbol from plugin)
                                                  C:\Users\8FEE~1\AppData\Local\Temp\ccZZsVy2.ltrans1.ltrans.o
Vector168                                         C:\Users\8FEE~1\AppData\Local\Temp\ccZZsVy2.ltrans2.ltrans.o
                                                  build/obj/vectors.o (symbol from plugin)
                                                  C:\Users\8FEE~1\AppData\Local\Temp\ccZZsVy2.ltrans1.ltrans.o
Vector16C                                         C:\Users\8FEE~1\AppData\Local\Temp\ccZZsVy2.ltrans2.ltrans.o
                                                  build/obj/vectors.o (symbol from plugin)
                                                  C:\Users\8FEE~1\AppData\Local\Temp\ccZZsVy2.ltrans1.ltrans.o
Vector170                                         build/obj/hal_ext_lld_isr.o (symbol from plugin)
                                                  build/obj/vectors.o (symbol from plugin)
Vector174                                         C:\Users\8FEE~1\AppData\Local\Temp\ccZZsVy2.ltrans2.ltrans.o
                                                  build/obj/vectors.o (symbol from plugin)
                                                  C:\Users\8FEE~1\AppData\Local\Temp\ccZZsVy2.ltrans1.ltrans.o
Vector178                                         C:\Users\8FEE~1\AppData\Local\Temp\ccZZsVy2.ltrans2.ltrans.o
                                                  build/obj/vectors.o (symbol from plugin)
                                                  C:\Users\8FEE~1\AppData\Local\Temp\ccZZsVy2.ltrans1.ltrans.o
Vector17C                                         C:\Users\8FEE~1\AppData\Local\Temp\ccZZsVy2.ltrans2.ltrans.o
                                                  build/obj/vectors.o (symbol from plugin)
                                                  C:\Users\8FEE~1\AppData\Local\Temp\ccZZsVy2.ltrans1.ltrans.o
Vector180                                         C:\Users\8FEE~1\AppData\Local\Temp\ccZZsVy2.ltrans2.ltrans.o
                                                  build/obj/vectors.o (symbol from plugin)
                                                  C:\Users\8FEE~1\AppData\Local\Temp\ccZZsVy2.ltrans1.ltrans.o
Vector184                                         C:\Users\8FEE~1\AppData\Local\Temp\ccZZsVy2.ltrans2.ltrans.o
                                                  build/obj/vectors.o (symbol from plugin)
                                                  C:\Users\8FEE~1\AppData\Local\Temp\ccZZsVy2.ltrans1.ltrans.o
Vector188                                         build/obj/hal_serial_lld.o (symbol from plugin)
                                                  build/obj/vectors.o (symbol from plugin)
Vector18C                                         C:\Users\8FEE~1\AppData\Local\Temp\ccZZsVy2.ltrans2.ltrans.o
                                                  build/obj/vectors.o (symbol from plugin)
                                                  C:\Users\8FEE~1\AppData\Local\Temp\ccZZsVy2.ltrans1.ltrans.o
Vector190                                         C:\Users\8FEE~1\AppData\Local\Temp\ccZZsVy2.ltrans2.ltrans.o
                                                  build/obj/vectors.o (symbol from plugin)
                                                  C:\Users\8FEE~1\AppData\Local\Temp\ccZZsVy2.ltrans1.ltrans.o
Vector194                                         C:\Users\8FEE~1\AppData\Local\Temp\ccZZsVy2.ltrans2.ltrans.o
                                                  build/obj/vectors.o (symbol from plugin)
                                                  C:\Users\8FEE~1\AppData\Local\Temp\ccZZsVy2.ltrans1.ltrans.o
Vector198                                         C:\Users\8FEE~1\AppData\Local\Temp\ccZZsVy2.ltrans2.ltrans.o
                                                  build/obj/vectors.o (symbol from plugin)
                                                  C:\Users\8FEE~1\AppData\Local\Temp\ccZZsVy2.ltrans1.ltrans.o
Vector19C                                         C:\Users\8FEE~1\AppData\Local\Temp\ccZZsVy2.ltrans2.ltrans.o
                                                  build/obj/vectors.o (symbol from plugin)
                                                  C:\Users\8FEE~1\AppData\Local\Temp\ccZZsVy2.ltrans1.ltrans.o
Vector1A0                                         C:\Users\8FEE~1\AppData\Local\Temp\ccZZsVy2.ltrans2.ltrans.o
                                                  build/obj/vectors.o (symbol from plugin)
                                                  C:\Users\8FEE~1\AppData\Local\Temp\ccZZsVy2.ltrans1.ltrans.o
Vector1A4                                         C:\Users\8FEE~1\AppData\Local\Temp\ccZZsVy2.ltrans2.ltrans.o
                                                  build/obj/vectors.o (symbol from plugin)
                                                  C:\Users\8FEE~1\AppData\Local\Temp\ccZZsVy2.ltrans1.ltrans.o
Vector1A8                                         C:\Users\8FEE~1\AppData\Local\Temp\ccZZsVy2.ltrans2.ltrans.o
                                                  build/obj/vectors.o (symbol from plugin)
                                                  C:\Users\8FEE~1\AppData\Local\Temp\ccZZsVy2.ltrans1.ltrans.o
Vector1AC                                         C:\Users\8FEE~1\AppData\Local\Temp\ccZZsVy2.ltrans2.ltrans.o
                                                  build/obj/vectors.o (symbol from plugin)
                                                  C:\Users\8FEE~1\AppData\Local\Temp\ccZZsVy2.ltrans1.ltrans.o
Vector1B0                                         C:\Users\8FEE~1\AppData\Local\Temp\ccZZsVy2.ltrans2.ltrans.o
                                                  build/obj/vectors.o (symbol from plugin)
                                                  C:\Users\8FEE~1\AppData\Local\Temp\ccZZsVy2.ltrans1.ltrans.o
Vector1B4                                         C:\Users\8FEE~1\AppData\Local\Temp\ccZZsVy2.ltrans2.ltrans.o
                                                  build/obj/vectors.o (symbol from plugin)
                                                  C:\Users\8FEE~1\AppData\Local\Temp\ccZZsVy2.ltrans1.ltrans.o
Vector1B8                                         C:\Users\8FEE~1\AppData\Local\Temp\ccZZsVy2.ltrans2.ltrans.o
                                                  build/obj/vectors.o (symbol from plugin)
                                                  C:\Users\8FEE~1\AppData\Local\Temp\ccZZsVy2.ltrans1.ltrans.o
Vector1BC                                         C:\Users\8FEE~1\AppData\Local\Temp\ccZZsVy2.ltrans2.ltrans.o
                                                  build/obj/vectors.o (symbol from plugin)
                                                  C:\Users\8FEE~1\AppData\Local\Temp\ccZZsVy2.ltrans1.ltrans.o
Vector1C                                          C:\Users\8FEE~1\AppData\Local\Temp\ccZZsVy2.ltrans2.ltrans.o
                                                  build/obj/vectors.o (symbol from plugin)
                                                  C:\Users\8FEE~1\AppData\Local\Temp\ccZZsVy2.ltrans1.ltrans.o
Vector1C0                                         C:\Users\8FEE~1\AppData\Local\Temp\ccZZsVy2.ltrans2.ltrans.o
                                                  build/obj/vectors.o (symbol from plugin)
                                                  C:\Users\8FEE~1\AppData\Local\Temp\ccZZsVy2.ltrans1.ltrans.o
Vector1C4                                         C:\Users\8FEE~1\AppData\Local\Temp\ccZZsVy2.ltrans2.ltrans.o
                                                  build/obj/vectors.o (symbol from plugin)
                                                  C:\Users\8FEE~1\AppData\Local\Temp\ccZZsVy2.ltrans1.ltrans.o
Vector1C8                                         C:\Users\8FEE~1\AppData\Local\Temp\ccZZsVy2.ltrans2.ltrans.o
                                                  build/obj/vectors.o (symbol from plugin)
                                                  C:\Users\8FEE~1\AppData\Local\Temp\ccZZsVy2.ltrans1.ltrans.o
Vector1CC                                         C:\Users\8FEE~1\AppData\Local\Temp\ccZZsVy2.ltrans2.ltrans.o
                                                  build/obj/vectors.o (symbol from plugin)
                                                  C:\Users\8FEE~1\AppData\Local\Temp\ccZZsVy2.ltrans1.ltrans.o
Vector1D0                                         C:\Users\8FEE~1\AppData\Local\Temp\ccZZsVy2.ltrans2.ltrans.o
                                                  build/obj/vectors.o (symbol from plugin)
                                                  C:\Users\8FEE~1\AppData\Local\Temp\ccZZsVy2.ltrans1.ltrans.o
Vector1D4                                         C:\Users\8FEE~1\AppData\Local\Temp\ccZZsVy2.ltrans2.ltrans.o
                                                  build/obj/vectors.o (symbol from plugin)
                                                  C:\Users\8FEE~1\AppData\Local\Temp\ccZZsVy2.ltrans1.ltrans.o
Vector1D8                                         C:\Users\8FEE~1\AppData\Local\Temp\ccZZsVy2.ltrans2.ltrans.o
                                                  build/obj/vectors.o (symbol from plugin)
                                                  C:\Users\8FEE~1\AppData\Local\Temp\ccZZsVy2.ltrans1.ltrans.o
Vector1DC                                         C:\Users\8FEE~1\AppData\Local\Temp\ccZZsVy2.ltrans2.ltrans.o
                                                  build/obj/vectors.o (symbol from plugin)
                                                  C:\Users\8FEE~1\AppData\Local\Temp\ccZZsVy2.ltrans1.ltrans.o
Vector1E0                                         C:\Users\8FEE~1\AppData\Local\Temp\ccZZsVy2.ltrans2.ltrans.o
                                                  build/obj/vectors.o (symbol from plugin)
                                                  C:\Users\8FEE~1\AppData\Local\Temp\ccZZsVy2.ltrans1.ltrans.o
Vector1E4                                         C:\Users\8FEE~1\AppData\Local\Temp\ccZZsVy2.ltrans2.ltrans.o
                                                  build/obj/vectors.o (symbol from plugin)
                                                  C:\Users\8FEE~1\AppData\Local\Temp\ccZZsVy2.ltrans1.ltrans.o
Vector1E8                                         C:\Users\8FEE~1\AppData\Local\Temp\ccZZsVy2.ltrans2.ltrans.o
                                                  build/obj/vectors.o (symbol from plugin)
                                                  C:\Users\8FEE~1\AppData\Local\Temp\ccZZsVy2.ltrans1.ltrans.o
Vector1EC                                         C:\Users\8FEE~1\AppData\Local\Temp\ccZZsVy2.ltrans2.ltrans.o
                                                  build/obj/vectors.o (symbol from plugin)
                                                  C:\Users\8FEE~1\AppData\Local\Temp\ccZZsVy2.ltrans1.ltrans.o
Vector1F0                                         C:\Users\8FEE~1\AppData\Local\Temp\ccZZsVy2.ltrans2.ltrans.o
                                                  build/obj/vectors.o (symbol from plugin)
                                                  C:\Users\8FEE~1\AppData\Local\Temp\ccZZsVy2.ltrans1.ltrans.o
Vector1F4                                         C:\Users\8FEE~1\AppData\Local\Temp\ccZZsVy2.ltrans2.ltrans.o
                                                  build/obj/vectors.o (symbol from plugin)
                                                  C:\Users\8FEE~1\AppData\Local\Temp\ccZZsVy2.ltrans1.ltrans.o
Vector1F8                                         C:\Users\8FEE~1\AppData\Local\Temp\ccZZsVy2.ltrans2.ltrans.o
                                                  build/obj/vectors.o (symbol from plugin)
                                                  C:\Users\8FEE~1\AppData\Local\Temp\ccZZsVy2.ltrans1.ltrans.o
Vector1FC                                         C:\Users\8FEE~1\AppData\Local\Temp\ccZZsVy2.ltrans2.ltrans.o
                                                  build/obj/vectors.o (symbol from plugin)
                                                  C:\Users\8FEE~1\AppData\Local\Temp\ccZZsVy2.ltrans1.ltrans.o
Vector20                                          C:\Users\8FEE~1\AppData\Local\Temp\ccZZsVy2.ltrans2.ltrans.o
                                                  build/obj/vectors.o (symbol from plugin)
                                                  C:\Users\8FEE~1\AppData\Local\Temp\ccZZsVy2.ltrans1.ltrans.o
Vector24                                          C:\Users\8FEE~1\AppData\Local\Temp\ccZZsVy2.ltrans2.ltrans.o
                                                  build/obj/vectors.o (symbol from plugin)
                                                  C:\Users\8FEE~1\AppData\Local\Temp\ccZZsVy2.ltrans1.ltrans.o
Vector28                                          C:\Users\8FEE~1\AppData\Local\Temp\ccZZsVy2.ltrans2.ltrans.o
                                                  build/obj/vectors.o (symbol from plugin)
                                                  C:\Users\8FEE~1\AppData\Local\Temp\ccZZsVy2.ltrans1.ltrans.o
Vector34                                          C:\Users\8FEE~1\AppData\Local\Temp\ccZZsVy2.ltrans2.ltrans.o
                                                  build/obj/vectors.o (symbol from plugin)
                                                  C:\Users\8FEE~1\AppData\Local\Temp\ccZZsVy2.ltrans1.ltrans.o
Vector40                                          C:\Users\8FEE~1\AppData\Local\Temp\ccZZsVy2.ltrans2.ltrans.o
                                                  build/obj/vectors.o (symbol from plugin)
                                                  C:\Users\8FEE~1\AppData\Local\Temp\ccZZsVy2.ltrans1.ltrans.o
Vector44                                          build/obj/hal_ext_lld_isr.o (symbol from plugin)
                                                  build/obj/vectors.o (symbol from plugin)
Vector48                                          build/obj/hal_ext_lld_isr.o (symbol from plugin)
                                                  build/obj/vectors.o (symbol from plugin)
Vector4C                                          build/obj/hal_ext_lld_isr.o (symbol from plugin)
                                                  build/obj/vectors.o (symbol from plugin)
Vector50                                          C:\Users\8FEE~1\AppData\Local\Temp\ccZZsVy2.ltrans2.ltrans.o
                                                  build/obj/vectors.o (symbol from plugin)
                                                  C:\Users\8FEE~1\AppData\Local\Temp\ccZZsVy2.ltrans1.ltrans.o
Vector54                                          C:\Users\8FEE~1\AppData\Local\Temp\ccZZsVy2.ltrans2.ltrans.o
                                                  build/obj/vectors.o (symbol from plugin)
                                                  C:\Users\8FEE~1\AppData\Local\Temp\ccZZsVy2.ltrans1.ltrans.o
Vector58                                          C:\Users\8FEE~1\AppData\Local\Temp\ccZZsVy2.ltrans2.ltrans.o
                                                  build/obj/hal_ext_lld_isr.o (symbol from plugin)
                                                  build/obj/vectors.o (symbol from plugin)
                                                  C:\Users\8FEE~1\AppData\Local\Temp\ccZZsVy2.ltrans1.ltrans.o
Vector5C                                          C:\Users\8FEE~1\AppData\Local\Temp\ccZZsVy2.ltrans2.ltrans.o
                                                  build/obj/hal_ext_lld_isr.o (symbol from plugin)
                                                  build/obj/vectors.o (symbol from plugin)
                                                  C:\Users\8FEE~1\AppData\Local\Temp\ccZZsVy2.ltrans1.ltrans.o
Vector60                                          C:\Users\8FEE~1\AppData\Local\Temp\ccZZsVy2.ltrans2.ltrans.o
                                                  build/obj/hal_ext_lld_isr.o (symbol from plugin)
                                                  build/obj/vectors.o (symbol from plugin)
                                                  C:\Users\8FEE~1\AppData\Local\Temp\ccZZsVy2.ltrans1.ltrans.o
Vector64                                          C:\Users\8FEE~1\AppData\Local\Temp\ccZZsVy2.ltrans2.ltrans.o
                                                  build/obj/hal_ext_lld_isr.o (symbol from plugin)
                                                  build/obj/vectors.o (symbol from plugin)
                                                  C:\Users\8FEE~1\AppData\Local\Temp\ccZZsVy2.ltrans1.ltrans.o
Vector68                                          C:\Users\8FEE~1\AppData\Local\Temp\ccZZsVy2.ltrans2.ltrans.o
                                                  build/obj/hal_ext_lld_isr.o (symbol from plugin)
                                                  build/obj/vectors.o (symbol from plugin)
                                                  C:\Users\8FEE~1\AppData\Local\Temp\ccZZsVy2.ltrans1.ltrans.o
Vector6C                                          build/obj/stm32_dma.o (symbol from plugin)
                                                  build/obj/vectors.o (symbol from plugin)
Vector70                                          build/obj/stm32_dma.o (symbol from plugin)
                                                  build/obj/vectors.o (symbol from plugin)
Vector74                                          build/obj/stm32_dma.o (symbol from plugin)
                                                  build/obj/vectors.o (symbol from plugin)
Vector78                                          build/obj/stm32_dma.o (symbol from plugin)
                                                  build/obj/vectors.o (symbol from plugin)
Vector7C                                          build/obj/stm32_dma.o (symbol from plugin)
                                                  build/obj/vectors.o (symbol from plugin)
Vector80                                          build/obj/stm32_dma.o (symbol from plugin)
                                                  build/obj/vectors.o (symbol from plugin)
Vector84                                          build/obj/stm32_dma.o (symbol from plugin)
                                                  build/obj/vectors.o (symbol from plugin)
Vector88                                          build/obj/hal_adc_lld.o (symbol from plugin)
                                                  build/obj/vectors.o (symbol from plugin)
Vector8C                                          C:\Users\8FEE~1\AppData\Local\Temp\ccZZsVy2.ltrans2.ltrans.o
                                                  build/obj/vectors.o (symbol from plugin)
                                                  C:\Users\8FEE~1\AppData\Local\Temp\ccZZsVy2.ltrans1.ltrans.o
Vector90                                          C:\Users\8FEE~1\AppData\Local\Temp\ccZZsVy2.ltrans2.ltrans.o
                                                  build/obj/vectors.o (symbol from plugin)
                                                  C:\Users\8FEE~1\AppData\Local\Temp\ccZZsVy2.ltrans1.ltrans.o
Vector94                                          C:\Users\8FEE~1\AppData\Local\Temp\ccZZsVy2.ltrans2.ltrans.o
                                                  build/obj/vectors.o (symbol from plugin)
                                                  C:\Users\8FEE~1\AppData\Local\Temp\ccZZsVy2.ltrans1.ltrans.o
Vector98                                          C:\Users\8FEE~1\AppData\Local\Temp\ccZZsVy2.ltrans2.ltrans.o
                                                  build/obj/vectors.o (symbol from plugin)
                                                  C:\Users\8FEE~1\AppData\Local\Temp\ccZZsVy2.ltrans1.ltrans.o
Vector9C                                          C:\Users\8FEE~1\AppData\Local\Temp\ccZZsVy2.ltrans2.ltrans.o
                                                  build/obj/hal_ext_lld_isr.o (symbol from plugin)
                                                  build/obj/vectors.o (symbol from plugin)
                                                  C:\Users\8FEE~1\AppData\Local\Temp\ccZZsVy2.ltrans1.ltrans.o
VectorA0                                          build/obj/hal_icu_lld.o (symbol from plugin)
                                                  build/obj/vectors.o (symbol from plugin)
VectorA4                                          C:\Users\8FEE~1\AppData\Local\Temp\ccZZsVy2.ltrans2.ltrans.o
                                                  build/obj/vectors.o (symbol from plugin)
                                                  C:\Users\8FEE~1\AppData\Local\Temp\ccZZsVy2.ltrans1.ltrans.o
VectorA8                                          C:\Users\8FEE~1\AppData\Local\Temp\ccZZsVy2.ltrans2.ltrans.o
                                                  build/obj/vectors.o (symbol from plugin)
                                                  C:\Users\8FEE~1\AppData\Local\Temp\ccZZsVy2.ltrans1.ltrans.o
VectorAC                                          C:\Users\8FEE~1\AppData\Local\Temp\ccZZsVy2.ltrans2.ltrans.o
                                                  build/obj/vectors.o (symbol from plugin)
                                                  C:\Users\8FEE~1\AppData\Local\Temp\ccZZsVy2.ltrans1.ltrans.o
VectorB0                                          C:\Users\8FEE~1\AppData\Local\Temp\ccZZsVy2.ltrans2.ltrans.o
                                                  build/obj/vectors.o (symbol from plugin)
                                                  C:\Users\8FEE~1\AppData\Local\Temp\ccZZsVy2.ltrans1.ltrans.o
VectorB4                                          C:\Users\8FEE~1\AppData\Local\Temp\ccZZsVy2.ltrans2.ltrans.o
                                                  build/obj/vectors.o (symbol from plugin)
                                                  C:\Users\8FEE~1\AppData\Local\Temp\ccZZsVy2.ltrans1.ltrans.o
VectorB8                                          build/obj/hal_gpt_lld.o (symbol from plugin)
                                                  build/obj/vectors.o (symbol from plugin)
VectorBC                                          C:\Users\8FEE~1\AppData\Local\Temp\ccZZsVy2.ltrans2.ltrans.o
                                                  build/obj/vectors.o (symbol from plugin)
                                                  C:\Users\8FEE~1\AppData\Local\Temp\ccZZsVy2.ltrans1.ltrans.o
VectorC0                                          C:\Users\8FEE~1\AppData\Local\Temp\ccZZsVy2.ltrans2.ltrans.o
                                                  build/obj/vectors.o (symbol from plugin)
                                                  C:\Users\8FEE~1\AppData\Local\Temp\ccZZsVy2.ltrans1.ltrans.o
VectorC4                                          C:\Users\8FEE~1\AppData\Local\Temp\ccZZsVy2.ltrans2.ltrans.o
                                                  build/obj/vectors.o (symbol from plugin)
                                                  C:\Users\8FEE~1\AppData\Local\Temp\ccZZsVy2.ltrans1.ltrans.o
VectorC8                                          C:\Users\8FEE~1\AppData\Local\Temp\ccZZsVy2.ltrans2.ltrans.o
                                                  build/obj/vectors.o (symbol from plugin)
                                                  C:\Users\8FEE~1\AppData\Local\Temp\ccZZsVy2.ltrans1.ltrans.o
VectorCC                                          C:\Users\8FEE~1\AppData\Local\Temp\ccZZsVy2.ltrans2.ltrans.o
                                                  build/obj/vectors.o (symbol from plugin)
                                                  C:\Users\8FEE~1\AppData\Local\Temp\ccZZsVy2.ltrans1.ltrans.o
VectorD0                                          C:\Users\8FEE~1\AppData\Local\Temp\ccZZsVy2.ltrans2.ltrans.o
                                                  build/obj/vectors.o (symbol from plugin)
                                                  C:\Users\8FEE~1\AppData\Local\Temp\ccZZsVy2.ltrans1.ltrans.o
VectorD4                                          C:\Users\8FEE~1\AppData\Local\Temp\ccZZsVy2.ltrans2.ltrans.o
                                                  build/obj/vectors.o (symbol from plugin)
                                                  C:\Users\8FEE~1\AppData\Local\Temp\ccZZsVy2.ltrans1.ltrans.o
VectorD8                                          C:\Users\8FEE~1\AppData\Local\Temp\ccZZsVy2.ltrans2.ltrans.o
                                                  build/obj/vectors.o (symbol from plugin)
                                                  C:\Users\8FEE~1\AppData\Local\Temp\ccZZsVy2.ltrans1.ltrans.o
VectorDC                                          C:\Users\8FEE~1\AppData\Local\Temp\ccZZsVy2.ltrans2.ltrans.o
                                                  build/obj/vectors.o (symbol from plugin)
                                                  C:\Users\8FEE~1\AppData\Local\Temp\ccZZsVy2.ltrans1.ltrans.o
VectorE0                                          build/obj/hal_ext_lld_isr.o (symbol from plugin)
                                                  build/obj/vectors.o (symbol from plugin)
VectorE4                                          build/obj/hal_ext_lld_isr.o (symbol from plugin)
                                                  build/obj/vectors.o (symbol from plugin)
VectorE8                                          build/obj/hal_ext_lld_isr.o (symbol from plugin)
                                                  build/obj/vectors.o (symbol from plugin)
VectorEC                                          C:\Users\8FEE~1\AppData\Local\Temp\ccZZsVy2.ltrans2.ltrans.o
                                                  build/obj/vectors.o (symbol from plugin)
                                                  C:\Users\8FEE~1\AppData\Local\Temp\ccZZsVy2.ltrans1.ltrans.o
VectorF0                                          build/obj/hal_icu_lld.o (symbol from plugin)
                                                  build/obj/vectors.o (symbol from plugin)
VectorF4                                          C:\Users\8FEE~1\AppData\Local\Temp\ccZZsVy2.ltrans2.ltrans.o
                                                  build/obj/vectors.o (symbol from plugin)
                                                  C:\Users\8FEE~1\AppData\Local\Temp\ccZZsVy2.ltrans1.ltrans.o
VectorF8                                          build/obj/hal_icu_lld.o (symbol from plugin)
                                                  build/obj/vectors.o (symbol from plugin)
VectorFC                                          build/obj/stm32_dma.o (symbol from plugin)
                                                  build/obj/vectors.o (symbol from plugin)
__core_init                                       C:\Users\8FEE~1\AppData\Local\Temp\ccZZsVy2.ltrans2.ltrans.o
                                                  build/obj/crt1.o (symbol from plugin)
                                                  build/obj/crt0_v7m.o
__default_exit                                    C:\Users\8FEE~1\AppData\Local\Temp\ccZZsVy2.ltrans2.ltrans.o
                                                  build/obj/crt1.o (symbol from plugin)
                                                  build/obj/crt0_v7m.o
__early_init                                      C:\Users\8FEE~1\AppData\Local\Temp\ccZZsVy2.ltrans1.ltrans.o
                                                  build/obj/board.o (symbol from plugin)
                                                  build/obj/crt1.o (symbol from plugin)
                                                  build/obj/crt0_v7m.o
__fini_array_end                                  build/obj/crt0_v7m.o
__fini_array_start                                build/obj/crt0_v7m.o
__heap_base__                                     C:\Users\8FEE~1\AppData\Local\Temp\ccZZsVy2.ltrans0.ltrans.o
                                                  build/obj/chmemcore.o (symbol from plugin)
__heap_end__                                      C:\Users\8FEE~1\AppData\Local\Temp\ccZZsVy2.ltrans0.ltrans.o
                                                  build/obj/chmemcore.o (symbol from plugin)
__init_array_end                                  build/obj/crt0_v7m.o
__init_array_start                                build/obj/crt0_v7m.o
__init_ram_areas                                  C:\Users\8FEE~1\AppData\Local\Temp\ccZZsVy2.ltrans2.ltrans.o
                                                  build/obj/crt1.o (symbol from plugin)
                                                  build/obj/crt0_v7m.o
__late_init                                       C:\Users\8FEE~1\AppData\Local\Temp\ccZZsVy2.ltrans2.ltrans.o
                                                  build/obj/crt1.o (symbol from plugin)
                                                  build/obj/crt0_v7m.o
__main_stack_base__                               build/obj/crt0_v7m.o
__main_stack_end__                                C:\Users\8FEE~1\AppData\Local\Temp\ccZZsVy2.ltrans1.ltrans.o
                                                  build/obj/vectors.o (symbol from plugin)
                                                  build/obj/crt0_v7m.o
__process_stack_base__                            build/obj/crt0_v7m.o
__process_stack_end__                             build/obj/crt0_v7m.o
__ram0_clear__                                    C:\Users\8FEE~1\AppData\Local\Temp\ccZZsVy2.ltrans2.ltrans.o
                                                  build/obj/crt1.o (symbol from plugin)
__ram0_init__                                     C:\Users\8FEE~1\AppData\Local\Temp\ccZZsVy2.ltrans2.ltrans.o
                                                  build/obj/crt1.o (symbol from plugin)
__ram0_init_text__                                C:\Users\8FEE~1\AppData\Local\Temp\ccZZsVy2.ltrans2.ltrans.o
                                                  build/obj/crt1.o (symbol from plugin)
__ram0_noinit__                                   C:\Users\8FEE~1\AppData\Local\Temp\ccZZsVy2.ltrans2.ltrans.o
                                                  build/obj/crt1.o (symbol from plugin)
__ram1_clear__                                    C:\Users\8FEE~1\AppData\Local\Temp\ccZZsVy2.ltrans2.ltrans.o
                                                  build/obj/crt1.o (symbol from plugin)
__ram1_init__                                     C:\Users\8FEE~1\AppData\Local\Temp\ccZZsVy2.ltrans2.ltrans.o
                                                  build/obj/crt1.o (symbol from plugin)
__ram1_init_text__                                C:\Users\8FEE~1\AppData\Local\Temp\ccZZsVy2.ltrans2.ltrans.o
                                                  build/obj/crt1.o (symbol from plugin)
__ram1_noinit__                                   C:\Users\8FEE~1\AppData\Local\Temp\ccZZsVy2.ltrans2.ltrans.o
                                                  build/obj/crt1.o (symbol from plugin)
__ram2_clear__                                    C:\Users\8FEE~1\AppData\Local\Temp\ccZZsVy2.ltrans2.ltrans.o
                                                  build/obj/crt1.o (symbol from plugin)
__ram2_init__                                     C:\Users\8FEE~1\AppData\Local\Temp\ccZZsVy2.ltrans2.ltrans.o
                                                  build/obj/crt1.o (symbol from plugin)
__ram2_init_text__                                C:\Users\8FEE~1\AppData\Local\Temp\ccZZsVy2.ltrans2.ltrans.o
                                                  build/obj/crt1.o (symbol from plugin)
__ram2_noinit__                                   C:\Users\8FEE~1\AppData\Local\Temp\ccZZsVy2.ltrans2.ltrans.o
                                                  build/obj/crt1.o (symbol from plugin)
__ram3_clear__                                    C:\Users\8FEE~1\AppData\Local\Temp\ccZZsVy2.ltrans2.ltrans.o
                                                  build/obj/crt1.o (symbol from plugin)
__ram3_init__                                     C:\Users\8FEE~1\AppData\Local\Temp\ccZZsVy2.ltrans2.ltrans.o
                                                  build/obj/crt1.o (symbol from plugin)
__ram3_init_text__                                C:\Users\8FEE~1\AppData\Local\Temp\ccZZsVy2.ltrans2.ltrans.o
                                                  build/obj/crt1.o (symbol from plugin)
__ram3_noinit__                                   C:\Users\8FEE~1\AppData\Local\Temp\ccZZsVy2.ltrans2.ltrans.o
                                                  build/obj/crt1.o (symbol from plugin)
__ram4_clear__                                    C:\Users\8FEE~1\AppData\Local\Temp\ccZZsVy2.ltrans2.ltrans.o
                                                  build/obj/crt1.o (symbol from plugin)
__ram4_init__                                     C:\Users\8FEE~1\AppData\Local\Temp\ccZZsVy2.ltrans2.ltrans.o
                                                  build/obj/crt1.o (symbol from plugin)
__ram4_init_text__                                C:\Users\8FEE~1\AppData\Local\Temp\ccZZsVy2.ltrans2.ltrans.o
                                                  build/obj/crt1.o (symbol from plugin)
__ram4_noinit__                                   C:\Users\8FEE~1\AppData\Local\Temp\ccZZsVy2.ltrans2.ltrans.o
                                                  build/obj/crt1.o (symbol from plugin)
__ram5_clear__                                    C:\Users\8FEE~1\AppData\Local\Temp\ccZZsVy2.ltrans2.ltrans.o
                                                  build/obj/crt1.o (symbol from plugin)
__ram5_init__                                     C:\Users\8FEE~1\AppData\Local\Temp\ccZZsVy2.ltrans2.ltrans.o
                                                  build/obj/crt1.o (symbol from plugin)
__ram5_init_text__                                C:\Users\8FEE~1\AppData\Local\Temp\ccZZsVy2.ltrans2.ltrans.o
                                                  build/obj/crt1.o (symbol from plugin)
__ram5_noinit__                                   C:\Users\8FEE~1\AppData\Local\Temp\ccZZsVy2.ltrans2.ltrans.o
                                                  build/obj/crt1.o (symbol from plugin)
__ram6_clear__                                    C:\Users\8FEE~1\AppData\Local\Temp\ccZZsVy2.ltrans2.ltrans.o
                                                  build/obj/crt1.o (symbol from plugin)
__ram6_init__                                     C:\Users\8FEE~1\AppData\Local\Temp\ccZZsVy2.ltrans2.ltrans.o
                                                  build/obj/crt1.o (symbol from plugin)
__ram6_init_text__                                C:\Users\8FEE~1\AppData\Local\Temp\ccZZsVy2.ltrans2.ltrans.o
                                                  build/obj/crt1.o (symbol from plugin)
__ram6_noinit__                                   C:\Users\8FEE~1\AppData\Local\Temp\ccZZsVy2.ltrans2.ltrans.o
                                                  build/obj/crt1.o (symbol from plugin)
__ram7_clear__                                    C:\Users\8FEE~1\AppData\Local\Temp\ccZZsVy2.ltrans2.ltrans.o
                                                  build/obj/crt1.o (symbol from plugin)
__ram7_init__                                     C:\Users\8FEE~1\AppData\Local\Temp\ccZZsVy2.ltrans2.ltrans.o
                                                  build/obj/crt1.o (symbol from plugin)
__ram7_init_text__                                C:\Users\8FEE~1\AppData\Local\Temp\ccZZsVy2.ltrans2.ltrans.o
                                                  build/obj/crt1.o (symbol from plugin)
__ram7_noinit__                                   C:\Users\8FEE~1\AppData\Local\Temp\ccZZsVy2.ltrans2.ltrans.o
                                                  build/obj/crt1.o (symbol from plugin)
_bss_end                                          build/obj/crt0_v7m.o