
Discarded input sections

 .data          0x00000000        0x0 build/obj/crt0_v7m.o
 .bss           0x00000000        0x0 build/obj/crt0_v7m.o
 .data          0x00000000        0x0 build/obj/chcoreasm_v7m.o
 .bss           0x00000000        0x0 build/obj/chcoreasm_v7m.o
 .text          0x00000000        0x0 build/obj/crt1.o (symbol from plugin)
 .text          0x00000000        0x0 C:\Users\8FEE~1\AppData\Local\Temp\ccB6fCZF.ltrans0.ltrans.o
 .data          0x00000000        0x0 C:\Users\8FEE~1\AppData\Local\Temp\ccB6fCZF.ltrans0.ltrans.o
 .bss           0x00000000        0x0 C:\Users\8FEE~1\AppData\Local\Temp\ccB6fCZF.ltrans0.ltrans.o
 .text          0x00000000        0x0 C:\Users\8FEE~1\AppData\Local\Temp\ccB6fCZF.ltrans1.ltrans.o
 .data          0x00000000        0x0 C:\Users\8FEE~1\AppData\Local\Temp\ccB6fCZF.ltrans1.ltrans.o
 .bss           0x00000000        0x0 C:\Users\8FEE~1\AppData\Local\Temp\ccB6fCZF.ltrans1.ltrans.o
 .text          0x00000000        0x0 C:\Users\8FEE~1\AppData\Local\Temp\ccB6fCZF.ltrans2.ltrans.o
 .data          0x00000000        0x0 C:\Users\8FEE~1\AppData\Local\Temp\ccB6fCZF.ltrans2.ltrans.o
 .bss           0x00000000        0x0 C:\Users\8FEE~1\AppData\Local\Temp\ccB6fCZF.ltrans2.ltrans.o
 .text          0x00000000        0x0 build/obj/vectors.o (symbol from plugin)
 .text          0x00000000        0x0 build/obj/chsys.o (symbol from plugin)
 .text          0x00000000        0x0 build/obj/chdebug.o (symbol from plugin)
 .text          0x00000000        0x0 build/obj/chtrace.o (symbol from plugin)
 .text          0x00000000        0x0 build/obj/chvt.o (symbol from plugin)
 .text          0x00000000        0x0 build/obj/chschd.o (symbol from plugin)
 .text          0x00000000        0x0 build/obj/chthreads.o (symbol from plugin)
 .text          0x00000000        0x0 build/obj/chtm.o (symbol from plugin)
 .text          0x00000000        0x0 build/obj/chregistry.o (symbol from plugin)
 .text          0x00000000        0x0 build/obj/chsem.o (symbol from plugin)
 .text          0x00000000        0x0 build/obj/chmtx.o (symbol from plugin)
 .text          0x00000000        0x0 build/obj/chcond.o (symbol from plugin)
 .text          0x00000000        0x0 build/obj/chevents.o (symbol from plugin)
 .text          0x00000000        0x0 build/obj/chmsg.o (symbol from plugin)
 .text          0x00000000        0x0 build/obj/chdynamic.o (symbol from plugin)
 .text          0x00000000        0x0 build/obj/chmboxes.o (symbol from plugin)
 .text          0x00000000        0x0 build/obj/chmemcore.o (symbol from plugin)
 .text          0x00000000        0x0 build/obj/chheap.o (symbol from plugin)
 .text          0x00000000        0x0 build/obj/chmempools.o (symbol from plugin)
 .text          0x00000000        0x0 build/obj/chcore.o (symbol from plugin)
 .text          0x00000000        0x0 build/obj/chcore_v7m.o (symbol from plugin)
 .text          0x00000000        0x0 build/obj/osal.o (symbol from plugin)
 .text          0x00000000        0x0 build/obj/hal.o (symbol from plugin)
 .text          0x00000000        0x0 build/obj/hal_st.o (symbol from plugin)
 .text          0x00000000        0x0 build/obj/hal_buffers.o (symbol from plugin)
 .text          0x00000000        0x0 build/obj/hal_queues.o (symbol from plugin)
 .text          0x00000000        0x0 build/obj/hal_mmcsd.o (symbol from plugin)
 .text          0x00000000        0x0 build/obj/hal_adc.o (symbol from plugin)
 .text          0x00000000        0x0 build/obj/hal_ext.o (symbol from plugin)
 .text          0x00000000        0x0 build/obj/hal_gpt.o (symbol from plugin)
 .text          0x00000000        0x0 build/obj/hal_icu.o (symbol from plugin)
 .text          0x00000000        0x0 build/obj/hal_pal.o (symbol from plugin)
 .text          0x00000000        0x0 build/obj/hal_serial.o (symbol from plugin)
 .text          0x00000000        0x0 build/obj/nvic.o (symbol from plugin)
 .text          0x00000000        0x0 build/obj/hal_lld.o (symbol from plugin)
 .text          0x00000000        0x0 build/obj/hal_ext_lld_isr.o (symbol from plugin)
 .text          0x00000000        0x0 build/obj/hal_adc_lld.o (symbol from plugin)
 .text          0x00000000        0x0 build/obj/stm32_dma.o (symbol from plugin)
 .text          0x00000000        0x0 build/obj/hal_ext_lld.o (symbol from plugin)
 .text          0x00000000        0x0 build/obj/hal_pal_lld.o (symbol from plugin)
 .text          0x00000000        0x0 build/obj/hal_st_lld.o (symbol from plugin)
 .text          0x00000000        0x0 build/obj/hal_gpt_lld.o (symbol from plugin)
 .text          0x00000000        0x0 build/obj/hal_icu_lld.o (symbol from plugin)
 .text          0x00000000        0x0 build/obj/hal_serial_lld.o (symbol from plugin)
 .text          0x00000000        0x0 build/obj/board.o (symbol from plugin)
 .text          0x00000000        0x0 build/obj/chprintf.o (symbol from plugin)
 .text          0x00000000        0x0 build/obj/memstreams.o (symbol from plugin)
[...]
Memory Configuration

Name             Origin             Length             Attributes
flash0           0x08000000         0x00200000
flash1           0x00200000         0x00200000
flash2           0x00000000         0x00000000
flash3           0x00000000         0x00000000
flash4           0x00000000         0x00000000
flash5           0x00000000         0x00000000
flash6           0x00000000         0x00000000
flash7           0x00000000         0x00000000
ram0             0x20020000         0x00060000
ram1             0x20020000         0x0005c000
ram2             0x2007c000         0x00004000
ram3             0x20000000         0x00020000
ram4             0x00000000         0x00004000
ram5             0x40024000         0x00001000
ram6             0x00000000         0x00000000
ram7             0x00000000         0x00000000
*default*        0x00000000         0xffffffff

Linker script and memory map

LOAD build/obj/crt0_v7m.o
LOAD build/obj/chcoreasm_v7m.o
LOAD build/obj/crt1.o
LOAD C:\Users\8FEE~1\AppData\Local\Temp\ccB6fCZF.ltrans0.ltrans.o
LOAD C:\Users\8FEE~1\AppData\Local\Temp\ccB6fCZF.ltrans1.ltrans.o
LOAD C:\Users\8FEE~1\AppData\Local\Temp\ccB6fCZF.ltrans2.ltrans.o
LOAD build/obj/vectors.o
LOAD build/obj/chsys.o
LOAD build/obj/chdebug.o
LOAD build/obj/chtrace.o
LOAD build/obj/chvt.o
LOAD build/obj/chschd.o
LOAD build/obj/chthreads.o
LOAD build/obj/chtm.o
LOAD build/obj/chregistry.o
LOAD build/obj/chsem.o
LOAD build/obj/chmtx.o
LOAD build/obj/chcond.o
LOAD build/obj/chevents.o
LOAD build/obj/chmsg.o
LOAD build/obj/chdynamic.o
LOAD build/obj/chmboxes.o
LOAD build/obj/chmemcore.o
LOAD build/obj/chheap.o
LOAD build/obj/chmempools.o
LOAD build/obj/chcore.o
LOAD build/obj/chcore_v7m.o
LOAD build/obj/osal.o
LOAD build/obj/hal.o
LOAD build/obj/hal_st.o
LOAD build/obj/hal_buffers.o
LOAD build/obj/hal_queues.o
LOAD build/obj/hal_mmcsd.o
LOAD build/obj/hal_adc.o
LOAD build/obj/hal_ext.o
LOAD build/obj/hal_gpt.o
LOAD build/obj/hal_icu.o
LOAD build/obj/hal_pal.o
LOAD build/obj/hal_serial.o
LOAD build/obj/nvic.o
LOAD build/obj/hal_lld.o
LOAD build/obj/hal_ext_lld_isr.o
LOAD build/obj/hal_adc_lld.o
LOAD build/obj/stm32_dma.o
LOAD build/obj/hal_ext_lld.o
LOAD build/obj/hal_pal_lld.o
LOAD build/obj/hal_st_lld.o
LOAD build/obj/hal_gpt_lld.o
LOAD build/obj/hal_icu_lld.o
LOAD build/obj/hal_serial_lld.o
LOAD build/obj/board.o
LOAD build/obj/chprintf.o
LOAD build/obj/memstreams.o
LOAD build/obj/nullstreams.o
LOAD build/obj/main.o

.mstack         0x20000000      0x400
                0x20000000                . = ALIGN (0x8)
                0x20000000                __main_stack_base__ = .
                0x20000400                . = (. + __main_stack_size__)
 *fill*         0x20000000      0x400 
                0x20000400                . = ALIGN (0x8)
                0x20000400                __main_stack_end__ = .

.pstack         0x20000400      0x400
                0x20000400                __process_stack_base__ = .
                0x20000400                __main_thread_stack_base__ = .
                0x20000800                . = (. + __process_stack_size__)
 *fill*         0x20000400      0x400 
                0x20000800                . = ALIGN (0x8)
                0x20000800                __process_stack_end__ = .
                0x20000800                __main_thread_stack_end__ = .

.nocache        0x20000800        0x0
                0x20000800                __nocache_base__ = .
 *(.nocache)
 *(.nocache.*)
 *(.bss.__nocache_*)
                0x20000800                . = ALIGN (0x4)
                0x20000800                __nocache_end__ = .

.eth            0x20000800        0x0
                0x20000800                __eth_base__ = .
 *(.eth)
 *(.eth.*)
 *(.bss.__eth_*)
                0x20000800                . = ALIGN (0x4)
                0x20000800                __eth_end__ = .

.vectors        0x00200000      0x200 load address 0x08000000
 *(.vectors)
 .vectors       0x00200000      0x200 C:\Users\8FEE~1\AppData\Local\Temp\ccB6fCZF.ltrans0.ltrans.o
                0x00200000                _vectors

.xtors          0x00200200        0x0 load address 0x08000200
                0x00200200                __init_array_start = .
 *(SORT(.init_array.*))
 *(.init_array)
                0x00200200                __init_array_end = .
                0x00200200                __fini_array_start = .
 *(.fini_array)
 *(SORT(.fini_array.*))
                0x00200200                __fini_array_end = .

.text           0x00200200     0x2390 load address 0x08000200
 *(.text)
 .text          0x00200200       0xd4 build/obj/crt0_v7m.o
                0x00200200                Reset_Handler
 .text          0x002002d4       0x28 build/obj/chcoreasm_v7m.o
                0x002002d4                _port_switch
                0x002002e4                _port_thread_start
                0x002002f4                _port_switch_from_isr
                0x002002f8                _port_exit_from_isr
 *(.text.*)
 *fill*         0x002002fc        0x4 
 .text.notify7.lto_priv.45
                0x00200300       0x10 C:\Users\8FEE~1\AppData\Local\Temp\ccB6fCZF.ltrans0.ltrans.o
                0x00200300                notify7.lto_priv.45
 .text.icu_lld_serve_interrupt
                0x00200310       0x8c C:\Users\8FEE~1\AppData\Local\Temp\ccB6fCZF.ltrans0.ltrans.o
 *fill*         0x0020039c        0x4 
 .text._port_irq_epilogue
                0x002003a0       0x5c C:\Users\8FEE~1\AppData\Local\Temp\ccB6fCZF.ltrans0.ltrans.o
 *fill*         0x002003fc        0x4 
 .text.VectorA0
                0x00200400       0x14 C:\Users\8FEE~1\AppData\Local\Temp\ccB6fCZF.ltrans0.ltrans.o
 *fill*         0x00200414        0xc 
 .text.VectorF0
                0x00200420       0x14 C:\Users\8FEE~1\AppData\Local\Temp\ccB6fCZF.ltrans0.ltrans.o
 *fill*         0x00200434        0xc 
 .text.VectorF8
                0x00200440        0x4 C:\Users\8FEE~1\AppData\Local\Temp\ccB6fCZF.ltrans0.ltrans.o
 *fill*         0x00200444        0xc 
 .text.VectorB8
                0x00200450       0x34 C:\Users\8FEE~1\AppData\Local\Temp\ccB6fCZF.ltrans0.ltrans.o
 *fill*         0x00200484        0xc 
 .text.SysTick_Handler
                0x00200490       0x58 C:\Users\8FEE~1\AppData\Local\Temp\ccB6fCZF.ltrans0.ltrans.o
 *fill*         0x002004e8        0x8 
 .text.Vector158
                0x002004f0       0x2c C:\Users\8FEE~1\AppData\Local\Temp\ccB6fCZF.ltrans0.ltrans.o
 *fill*         0x0020051c        0x4 
 .text.Vector154
                0x00200520       0x2c C:\Users\8FEE~1\AppData\Local\Temp\ccB6fCZF.ltrans0.ltrans.o
 *fill*         0x0020054c        0x4 
 .text.Vector150
                0x00200550       0x2c C:\Users\8FEE~1\AppData\Local\Temp\ccB6fCZF.ltrans0.ltrans.o
 *fill*         0x0020057c        0x4 
 .text.Vector130
                0x00200580       0x28 C:\Users\8FEE~1\AppData\Local\Temp\ccB6fCZF.ltrans0.ltrans.o
 *fill*         0x002005a8        0x8 
 .text.Vector12C
                0x002005b0       0x2c C:\Users\8FEE~1\AppData\Local\Temp\ccB6fCZF.ltrans0.ltrans.o
 *fill*         0x002005dc        0x4 
 .text.Vector128
                0x002005e0       0x2c C:\Users\8FEE~1\AppData\Local\Temp\ccB6fCZF.ltrans0.ltrans.o
 *fill*         0x0020060c        0x4 
 .text.Vector124
                0x00200610       0x2c C:\Users\8FEE~1\AppData\Local\Temp\ccB6fCZF.ltrans0.ltrans.o
 *fill*         0x0020063c        0x4 
 .text.Vector120
                0x00200640       0x28 C:\Users\8FEE~1\AppData\Local\Temp\ccB6fCZF.ltrans0.ltrans.o
 *fill*         0x00200668        0x8 
 .text.VectorFC
                0x00200670       0x2c C:\Users\8FEE~1\AppData\Local\Temp\ccB6fCZF.ltrans0.ltrans.o
 *fill*         0x0020069c        0x4 
 .text.Vector84
                0x002006a0       0x2c C:\Users\8FEE~1\AppData\Local\Temp\ccB6fCZF.ltrans0.ltrans.o
 *fill*         0x002006cc        0x4 
 .text.Vector80
                0x002006d0       0x2c C:\Users\8FEE~1\AppData\Local\Temp\ccB6fCZF.ltrans0.ltrans.o
 *fill*         0x002006fc        0x4 
 .text.Vector7C
                0x00200700       0x28 C:\Users\8FEE~1\AppData\Local\Temp\ccB6fCZF.ltrans0.ltrans.o
 *fill*         0x00200728        0x8 
 .text.Vector78
                0x00200730       0x2c C:\Users\8FEE~1\AppData\Local\Temp\ccB6fCZF.ltrans0.ltrans.o
 *fill*         0x0020075c        0x4 
 .text.Vector74
                0x00200760       0x2c C:\Users\8FEE~1\AppData\Local\Temp\ccB6fCZF.ltrans0.ltrans.o
 *fill*         0x0020078c        0x4 
 .text.Vector70
                0x00200790       0x2c C:\Users\8FEE~1\AppData\Local\Temp\ccB6fCZF.ltrans0.ltrans.o
 *fill*         0x002007bc        0x4 
 .text.Vector6C
                0x002007c0       0x28 C:\Users\8FEE~1\AppData\Local\Temp\ccB6fCZF.ltrans0.ltrans.o
 *fill*         0x002007e8        0x8 
 .text.Vector4C
                0x002007f0       0x30 C:\Users\8FEE~1\AppData\Local\Temp\ccB6fCZF.ltrans0.ltrans.o
 .text.Vector48
                0x00200820       0x30 C:\Users\8FEE~1\AppData\Local\Temp\ccB6fCZF.ltrans0.ltrans.o
 .text.Vector170
                0x00200850       0x30 C:\Users\8FEE~1\AppData\Local\Temp\ccB6fCZF.ltrans0.ltrans.o
 .text.Vector138
                0x00200880       0x30 C:\Users\8FEE~1\AppData\Local\Temp\ccB6fCZF.ltrans0.ltrans.o
 .text.VectorE8
                0x002008b0       0x30 C:\Users\8FEE~1\AppData\Local\Temp\ccB6fCZF.ltrans0.ltrans.o
 .text.VectorE4
                0x002008e0       0x30 C:\Users\8FEE~1\AppData\Local\Temp\ccB6fCZF.ltrans0.ltrans.o
 .text.Vector44
                0x00200910       0x30 C:\Users\8FEE~1\AppData\Local\Temp\ccB6fCZF.ltrans0.ltrans.o
 .text.VectorE0
                0x00200940       0x80 C:\Users\8FEE~1\AppData\Local\Temp\ccB6fCZF.ltrans0.ltrans.o
 .text.Vector9C
                0x002009c0       0x70 C:\Users\8FEE~1\AppData\Local\Temp\ccB6fCZF.ltrans0.ltrans.o
 .text.Vector68
                0x00200a30       0x2c C:\Users\8FEE~1\AppData\Local\Temp\ccB6fCZF.ltrans0.ltrans.o
 *fill*         0x00200a5c        0x4 
 .text.Vector64
                0x00200a60       0x2c C:\Users\8FEE~1\AppData\Local\Temp\ccB6fCZF.ltrans0.ltrans.o
 *fill*         0x00200a8c        0x4 
 .text.Vector60
                0x00200a90       0x2c C:\Users\8FEE~1\AppData\Local\Temp\ccB6fCZF.ltrans0.ltrans.o
 *fill*         0x00200abc        0x4 
 .text.Vector5C
                0x00200ac0       0x2c C:\Users\8FEE~1\AppData\Local\Temp\ccB6fCZF.ltrans0.ltrans.o
 *fill*         0x00200aec        0x4 
 .text.Vector58
                0x00200af0       0x2c C:\Users\8FEE~1\AppData\Local\Temp\ccB6fCZF.ltrans0.ltrans.o
 *fill*         0x00200b1c        0x4 
 .text.SVC_Handler
                0x00200b20       0x1c C:\Users\8FEE~1\AppData\Local\Temp\ccB6fCZF.ltrans0.ltrans.o
 *fill*         0x00200b3c        0x4 
 .text.chCoreAllocAligned
                0x00200b40       0x48 C:\Users\8FEE~1\AppData\Local\Temp\ccB6fCZF.ltrans0.ltrans.o
                0x00200b40                chCoreAllocAligned
 *fill*         0x00200b88        0x8 
 .text.wakeup   0x00200b90       0x70 C:\Users\8FEE~1\AppData\Local\Temp\ccB6fCZF.ltrans0.ltrans.o
 .text._idle_thread.lto_priv.54
                0x00200c00        0x4 C:\Users\8FEE~1\AppData\Local\Temp\ccB6fCZF.ltrans0.ltrans.o
                0x00200c00                _idle_thread.lto_priv.54
 *fill*         0x00200c04        0xc 
 .text._unhandled_exception
                0x00200c10        0x4 C:\Users\8FEE~1\AppData\Local\Temp\ccB6fCZF.ltrans0.ltrans.o
 *fill*         0x00200c14        0xc 
 .text.Vector188
                0x00200c20      0x160 C:\Users\8FEE~1\AppData\Local\Temp\ccB6fCZF.ltrans0.ltrans.o
 .text.chSchGoSleepS
                0x00200d80       0x28 C:\Users\8FEE~1\AppData\Local\Temp\ccB6fCZF.ltrans0.ltrans.o
 *fill*         0x00200da8        0x8 
 .text.__early_init
                0x00200db0       0xe8 C:\Users\8FEE~1\AppData\Local\Temp\ccB6fCZF.ltrans0.ltrans.o
                0x00200db0                __early_init
 *fill*         0x00200e98        0x8 
 .text._pal_lld_setgroupmode
                0x00200ea0       0xec C:\Users\8FEE~1\AppData\Local\Temp\ccB6fCZF.ltrans0.ltrans.o
                0x00200ea0                _pal_lld_setgroupmode
 *fill*         0x00200f8c        0x4 
 .text.chTMStopMeasurementX
                0x00200f90       0x44 C:\Users\8FEE~1\AppData\Local\Temp\ccB6fCZF.ltrans0.ltrans.o
                0x00200f90                chTMStopMeasurementX
 *fill*         0x00200fd4        0xc 
 .text.chSchDoRescheduleAhead
                0x00200fe0       0x40 C:\Users\8FEE~1\AppData\Local\Temp\ccB6fCZF.ltrans0.ltrans.o
                0x00200fe0                chSchDoReschedule
 .text.chSchRescheduleS
                0x00201020       0x18 C:\Users\8FEE~1\AppData\Local\Temp\ccB6fCZF.ltrans0.ltrans.o
                0x00201020                chSchRescheduleS
 *fill*         0x00201038        0x8 
 .text.chSchGoSleepTimeoutS
                0x00201040       0x88 C:\Users\8FEE~1\AppData\Local\Temp\ccB6fCZF.ltrans0.ltrans.o
                0x00201040                chSchGoSleepTimeoutS
 *fill*         0x002010c8        0x8 
 .text.chThdEnqueueTimeoutS
                0x002010d0       0x28 C:\Users\8FEE~1\AppData\Local\Temp\ccB6fCZF.ltrans0.ltrans.o
                0x002010d0                chThdEnqueueTimeoutS
 *fill*         0x002010f8        0x8 
 .text.oqWriteTimeout
                0x00201100       0xb8 C:\Users\8FEE~1\AppData\Local\Temp\ccB6fCZF.ltrans0.ltrans.o
 *fill*         0x002011b8        0x8 
 .text._writet.lto_priv.52
                0x002011c0        0x8 C:\Users\8FEE~1\AppData\Local\Temp\ccB6fCZF.ltrans0.ltrans.o
                0x002011c0                _writet.lto_priv.52
 *fill*         0x002011c8        0x8 
 .text._write.lto_priv.46
                0x002011d0        0xc C:\Users\8FEE~1\AppData\Local\Temp\ccB6fCZF.ltrans0.ltrans.o
                0x002011d0                _write.lto_priv.46
 *fill*         0x002011dc        0x4 
 .text.oqPutTimeout
                0x002011e0       0x54 C:\Users\8FEE~1\AppData\Local\Temp\ccB6fCZF.ltrans0.ltrans.o
 *fill*         0x00201234        0xc 
 .text._putt.lto_priv.50
                0x00201240        0x8 C:\Users\8FEE~1\AppData\Local\Temp\ccB6fCZF.ltrans0.ltrans.o
                0x00201240                _putt.lto_priv.50
 *fill*         0x00201248        0x8 
 .text._put.lto_priv.48
                0x00201250        0xc C:\Users\8FEE~1\AppData\Local\Temp\ccB6fCZF.ltrans0.ltrans.o
                0x00201250                _put.lto_priv.48
 *fill*         0x0020125c        0x4 
 .text.iqReadTimeout
                0x00201260       0xb8 C:\Users\8FEE~1\AppData\Local\Temp\ccB6fCZF.ltrans0.ltrans.o
 *fill*         0x00201318        0x8 
 .text._readt.lto_priv.53
                0x00201320        0x8 C:\Users\8FEE~1\AppData\Local\Temp\ccB6fCZF.ltrans0.ltrans.o
                0x00201320                _readt.lto_priv.53
 *fill*         0x00201328        0x8 
 .text._read.lto_priv.47
                0x00201330        0xc C:\Users\8FEE~1\AppData\Local\Temp\ccB6fCZF.ltrans0.ltrans.o
                0x00201330                _read.lto_priv.47
 *fill*         0x0020133c        0x4 
 .text.iqGetTimeout
                0x00201340       0x50 C:\Users\8FEE~1\AppData\Local\Temp\ccB6fCZF.ltrans0.ltrans.o
 .text._gett.lto_priv.51
                0x00201390        0x8 C:\Users\8FEE~1\AppData\Local\Temp\ccB6fCZF.ltrans0.ltrans.o
                0x00201390                _gett.lto_priv.51
 *fill*         0x00201398        0x8 
 .text._get.lto_priv.49
                0x002013a0        0xc C:\Users\8FEE~1\AppData\Local\Temp\ccB6fCZF.ltrans0.ltrans.o
                0x002013a0                _get.lto_priv.49
 *fill*         0x002013ac        0x4 
 .text.chSchReadyI
                0x002013b0       0x2c C:\Users\8FEE~1\AppData\Local\Temp\ccB6fCZF.ltrans0.ltrans.o
                0x002013b0                chSchReadyI
 *fill*         0x002013dc        0x4 
 .text.Vector88
                0x002013e0       0x98 C:\Users\8FEE~1\AppData\Local\Temp\ccB6fCZF.ltrans0.ltrans.o
 *fill*         0x00201478        0x8 
 .text.adc_lld_serve_rx_interrupt.lto_priv.44
                0x00201480      0x128 C:\Users\8FEE~1\AppData\Local\Temp\ccB6fCZF.ltrans0.ltrans.o
                0x00201480                adc_lld_serve_rx_interrupt.lto_priv.44
 *fill*         0x002015a8        0x8 
 .text.chThdExit
                0x002015b0       0x50 C:\Users\8FEE~1\AppData\Local\Temp\ccB6fCZF.ltrans0.ltrans.o
                0x002015b0                chThdExit
 .text.__init_ram_areas
                0x00201600       0x60 C:\Users\8FEE~1\AppData\Local\Temp\ccB6fCZF.ltrans0.ltrans.o
                0x00201600                __init_ram_areas
 .text.__default_exit
                0x00201660        0x4 C:\Users\8FEE~1\AppData\Local\Temp\ccB6fCZF.ltrans0.ltrans.o
                0x00201660                __default_exit
 *fill*         0x00201664        0xc 
 .text.__late_init
                0x00201670        0x4 C:\Users\8FEE~1\AppData\Local\Temp\ccB6fCZF.ltrans0.ltrans.o
                0x00201670                __late_init
 *fill*         0x00201674        0xc 
 .text.__core_init
                0x00201680       0x7c C:\Users\8FEE~1\AppData\Local\Temp\ccB6fCZF.ltrans0.ltrans.o
                0x00201680                __core_init
 *fill*         0x002016fc        0x4 
 .text.adcerrorcallback
                0x00201700        0x4 C:\Users\8FEE~1\AppData\Local\Temp\ccB6fCZF.ltrans1.ltrans.o
 *fill*         0x00201704        0xc 
 .text.adccallback
                0x00201710       0x24 C:\Users\8FEE~1\AppData\Local\Temp\ccB6fCZF.ltrans1.ltrans.o
 *fill*         0x00201734        0xc 
 .text.startup.main
                0x00201740      0x934 C:\Users\8FEE~1\AppData\Local\Temp\ccB6fCZF.ltrans1.ltrans.o
                0x00201740                main
 *fill*         0x00202074        0xc 
 .text.chTMStartMeasurementX.constprop.38
                0x00202080        0xc C:\Users\8FEE~1\AppData\Local\Temp\ccB6fCZF.ltrans2.ltrans.o
                0x00202080                chTMStartMeasurementX.constprop.38
 *fill*         0x0020208c        0x4 
 .text.chThdDequeueNextI.constprop.35
                0x00202090       0x20 C:\Users\8FEE~1\AppData\Local\Temp\ccB6fCZF.ltrans2.ltrans.o
                0x00202090                chThdDequeueNextI.constprop.35
 .text.chEvtBroadcastFlagsI.constprop.34
                0x002020b0       0x64 C:\Users\8FEE~1\AppData\Local\Temp\ccB6fCZF.ltrans2.ltrans.o
                0x002020b0                chEvtBroadcastFlagsI.constprop.34
 *fill*         0x00202114        0xc 
 .text.chMBPostI.constprop.31
                0x00202120       0x4c C:\Users\8FEE~1\AppData\Local\Temp\ccB6fCZF.ltrans2.ltrans.o
                0x00202120                chMBPostI.constprop.31
 *fill*         0x0020216c        0x4 
 .text.chprintf.constprop.0
                0x00202170      0x420 C:\Users\8FEE~1\AppData\Local\Temp\ccB6fCZF.ltrans2.ltrans.o
                0x00202170                chprintf.constprop.0
 *(.glue_7t)
 .glue_7t       0x00202590        0x0 linker stubs
 *(.glue_7)
 .glue_7        0x00202590        0x0 linker stubs
 *(.gcc*)

.vfp11_veneer   0x00202590        0x0 load address 0x08002590
 .vfp11_veneer  0x00202590        0x0 linker stubs

.v4_bx          0x00202590        0x0 load address 0x08002590
 .v4_bx         0x00202590        0x0 linker stubs

.iplt           0x00202590        0x0 load address 0x08002590
 .iplt          0x00202590        0x0 build/obj/crt0_v7m.o

.rodata         0x08002590      0x1d4
                0x08002590                . = ALIGN (0x4)
                0x08002590                __rodata_base__ = .
 *(.rodata)
 *(.rodata.*)
 .rodata.ram_areas
                0x08002590       0x80 C:\Users\8FEE~1\AppData\Local\Temp\ccB6fCZF.ltrans0.ltrans.o
 .rodata._stm32_dma_streams
                0x08002610       0xc0 C:\Users\8FEE~1\AppData\Local\Temp\ccB6fCZF.ltrans1.ltrans.o
 .rodata.adcgrpcfg1
                0x080026d0       0x28 C:\Users\8FEE~1\AppData\Local\Temp\ccB6fCZF.ltrans1.ltrans.o
 .rodata.ch_debug
                0x080026f8       0x16 C:\Users\8FEE~1\AppData\Local\Temp\ccB6fCZF.ltrans1.ltrans.o
 *fill*         0x0800270e        0x2 
 .rodata.gpt4cfg1
                0x08002710       0x10 C:\Users\8FEE~1\AppData\Local\Temp\ccB6fCZF.ltrans1.ltrans.o
 .rodata.main.str1.4
                0x08002720       0x1b C:\Users\8FEE~1\AppData\Local\Temp\ccB6fCZF.ltrans1.ltrans.o
 *fill*         0x0800273b        0x1 
 .rodata.vmt    0x0800273c       0x20 C:\Users\8FEE~1\AppData\Local\Temp\ccB6fCZF.ltrans1.ltrans.o
 .rodata.chprintf.constprop.0.str1.4
                0x0800275c        0x8 C:\Users\8FEE~1\AppData\Local\Temp\ccB6fCZF.ltrans2.ltrans.o
                                 0x1b (size before relaxing)
                0x08002764                . = ALIGN (0x4)
                0x08002764                __rodata_end__ = .

.rel.dyn        0x08002764        0x0
 .rel.iplt      0x08002764        0x0 build/obj/crt0_v7m.o

.ARM.extab
 *(.ARM.extab* .gnu.linkonce.armextab.*)

.ARM.exidx      0x00202590        0x0 load address 0x08002764
                0x00202590                __exidx_start = .
 *(.ARM.exidx* .gnu.linkonce.armexidx.*)
                0x00202590                __exidx_end = .

.eh_frame_hdr
 *(.eh_frame_hdr)

.eh_frame
 *(.eh_frame)
                0x20020000                __ram0_start__ = ORIGIN (ram0)
                0x00060000                __ram0_size__ = LENGTH (ram0)
                0x20080000                __ram0_end__ = (__ram0_start__ + __ram0_size__)
                0x20020000                __ram1_start__ = ORIGIN (ram1)
                0x0005c000                __ram1_size__ = LENGTH (ram1)
                0x2007c000                __ram1_end__ = (__ram1_start__ + __ram1_size__)
                0x2007c000                __ram2_start__ = ORIGIN (ram2)
                0x00004000                __ram2_size__ = LENGTH (ram2)
                0x20080000                __ram2_end__ = (__ram2_start__ + __ram2_size__)
                0x20000000                __ram3_start__ = ORIGIN (ram3)
                0x00020000                __ram3_size__ = LENGTH (ram3)
                0x20020000                __ram3_end__ = (__ram3_start__ + __ram3_size__)
                0x00000000                __ram4_start__ = ORIGIN (ram4)
                0x00004000                __ram4_size__ = LENGTH (ram4)
                0x00004000                __ram4_end__ = (__ram4_start__ + __ram4_size__)
                0x40024000                __ram5_start__ = ORIGIN (ram5)
                0x00001000                __ram5_size__ = LENGTH (ram5)
                0x40025000                __ram5_end__ = (__ram5_start__ + __ram5_size__)
                0x00000000                __ram6_start__ = ORIGIN (ram6)
                0x00000000                __ram6_size__ = LENGTH (ram6)
                0x00000000                __ram6_end__ = (__ram6_start__ + __ram6_size__)
                0x00000000                __ram7_start__ = ORIGIN (ram7)
                0x00000000                __ram7_size__ = LENGTH (ram7)
                0x00000000                __ram7_end__ = (__ram7_start__ + __ram7_size__)

.data           0x20020000        0x0 load address 0x08002764
                0x20020000                . = ALIGN (0x4)
                [!provide]                PROVIDE (_textdata, LOADADDR (.data))
                [!provide]                PROVIDE (_data, .)
                0x08002764                _textdata_start = LOADADDR (.data)
                0x20020000                _data_start = .
 *(.data)
 *(.data.*)
 *(.ramtext)
                0x20020000                . = ALIGN (0x4)
                [!provide]                PROVIDE (_edata, .)
                0x20020000                _data_end = .

.igot.plt       0x20020000        0x0 load address 0x08002764
 .igot.plt      0x20020000        0x0 build/obj/crt0_v7m.o

.bss            0x20000800      0x3e8
                0x20000800                . = ALIGN (0x4)
                0x20000800                _bss_start = .
 *(.bss)
 *(.bss.*)
 .bss.ADCD1     0x20000800       0x34 C:\Users\8FEE~1\AppData\Local\Temp\ccB6fCZF.ltrans1.ltrans.o
                0x20000800                ADCD1
 .bss.EXTD1     0x20000834        0x8 C:\Users\8FEE~1\AppData\Local\Temp\ccB6fCZF.ltrans1.ltrans.o
                0x20000834                EXTD1
 .bss.GPTD4     0x2000083c       0x10 C:\Users\8FEE~1\AppData\Local\Temp\ccB6fCZF.ltrans1.ltrans.o
                0x2000083c                GPTD4
 .bss.ICUD8     0x2000084c       0x18 C:\Users\8FEE~1\AppData\Local\Temp\ccB6fCZF.ltrans1.ltrans.o
                0x2000084c                ICUD8
 .bss.ICUD9     0x20000864       0x18 C:\Users\8FEE~1\AppData\Local\Temp\ccB6fCZF.ltrans1.ltrans.o
                0x20000864                ICUD9
 .bss.buffer_test_mb
                0x2000087c       0xc8 C:\Users\8FEE~1\AppData\Local\Temp\ccB6fCZF.ltrans1.ltrans.o
 .bss.ch        0x20000944       0x74 C:\Users\8FEE~1\AppData\Local\Temp\ccB6fCZF.ltrans1.ltrans.o
                0x20000944                ch
 .bss.ch_idle_thread_wa
                0x200009b8       0xd8 C:\Users\8FEE~1\AppData\Local\Temp\ccB6fCZF.ltrans1.ltrans.o
 .bss.default_heap
                0x20000a90       0x20 C:\Users\8FEE~1\AppData\Local\Temp\ccB6fCZF.ltrans1.ltrans.o
 .bss.dma_isr_redir.lto_priv.55
                0x20000ab0       0x80 C:\Users\8FEE~1\AppData\Local\Temp\ccB6fCZF.ltrans1.ltrans.o
                0x20000ab0                dma_isr_redir.lto_priv.55
 .bss.dma_streams_mask
                0x20000b30        0x4 C:\Users\8FEE~1\AppData\Local\Temp\ccB6fCZF.ltrans1.ltrans.o
 .bss.endmem.lto_priv.57
                0x20000b34        0x4 C:\Users\8FEE~1\AppData\Local\Temp\ccB6fCZF.ltrans1.ltrans.o
                0x20000b34                endmem.lto_priv.57
 .bss.nextmem.lto_priv.56
                0x20000b38        0x4 C:\Users\8FEE~1\AppData\Local\Temp\ccB6fCZF.ltrans1.ltrans.o
                0x20000b38                nextmem.lto_priv.56
 .bss.samples1  0x20000b3c        0x4 C:\Users\8FEE~1\AppData\Local\Temp\ccB6fCZF.ltrans1.ltrans.o
 .bss.sd_in_buf7
                0x20000b40       0x10 C:\Users\8FEE~1\AppData\Local\Temp\ccB6fCZF.ltrans1.ltrans.o
 .bss.sd_out_buf7
                0x20000b50       0x10 C:\Users\8FEE~1\AppData\Local\Temp\ccB6fCZF.ltrans1.ltrans.o
 .bss.SD7       0x20000b60       0x60 C:\Users\8FEE~1\AppData\Local\Temp\ccB6fCZF.ltrans2.ltrans.o
                0x20000b60                SD7
 .bss.test_mb.lto_priv.43
                0x20000bc0       0x28 C:\Users\8FEE~1\AppData\Local\Temp\ccB6fCZF.ltrans2.ltrans.o
                0x20000bc0                test_mb.lto_priv.43
 *(COMMON)
                0x20000be8                . = ALIGN (0x4)
                0x20000be8                _bss_end = .
                [!provide]                PROVIDE (end, .)

.ram0_init      0x20020000        0x0 load address 0x08002764
                0x20020000                . = ALIGN (0x4)
                0x08002764                __ram0_init_text__ = LOADADDR (.ram0_init)
                0x20020000                __ram0_init__ = .
 *(.ram0_init)
 *(.ram0_init.*)
                0x20020000                . = ALIGN (0x4)

.ram0           0x20020000        0x0 load address 0x08002764
                0x20020000                . = ALIGN (0x4)
                0x20020000                __ram0_clear__ = .
 *(.ram0_clear)
 *(.ram0_clear.*)
                0x20020000                . = ALIGN (0x4)
                0x20020000                __ram0_noinit__ = .
 *(.ram0)
 *(.ram0.*)
                0x20020000                . = ALIGN (0x4)
                0x20020000                __ram0_free__ = .

.ram1_init      0x20020000        0x0 load address 0x08002764
                0x20020000                . = ALIGN (0x4)
                0x08002764                __ram1_init_text__ = LOADADDR (.ram1_init)
                0x20020000                __ram1_init__ = .
 *(.ram1_init)
 *(.ram1_init.*)
                0x20020000                . = ALIGN (0x4)

.ram1           0x20020000        0x0 load address 0x08002764
                0x20020000                . = ALIGN (0x4)
                0x20020000                __ram1_clear__ = .
 *(.ram1_clear)
 *(.ram1_clear.*)
                0x20020000                . = ALIGN (0x4)
                0x20020000                __ram1_noinit__ = .
 *(.ram1)
 *(.ram1.*)
                0x20020000                . = ALIGN (0x4)
                0x20020000                __ram1_free__ = .

.ram2_init      0x2007c000        0x0 load address 0x08002764
                0x2007c000                . = ALIGN (0x4)
                0x08002764                __ram2_init_text__ = LOADADDR (.ram2_init)
                0x2007c000                __ram2_init__ = .
 *(.ram2_init)
 *(.ram2_init.*)
                0x2007c000                . = ALIGN (0x4)

.ram2           0x2007c000        0x0 load address 0x08002764
                0x2007c000                . = ALIGN (0x4)
                0x2007c000                __ram2_clear__ = .
 *(.ram2_clear)
 *(.ram2_clear.*)
                0x2007c000                . = ALIGN (0x4)
                0x2007c000                __ram2_noinit__ = .
 *(.ram2)
 *(.ram2.*)
                0x2007c000                . = ALIGN (0x4)
                0x2007c000                __ram2_free__ = .

.ram3_init      0x20000be8        0x0 load address 0x08002764
                0x20000be8                . = ALIGN (0x4)
                0x08002764                __ram3_init_text__ = LOADADDR (.ram3_init)
                0x20000be8                __ram3_init__ = .
 *(.ram3_init)
 *(.ram3_init.*)
                0x20000be8                . = ALIGN (0x4)

.ram3           0x20000be8        0x0 load address 0x08002764
                0x20000be8                . = ALIGN (0x4)
                0x20000be8                __ram3_clear__ = .
 *(.ram3_clear)
 *(.ram3_clear.*)
                0x20000be8                . = ALIGN (0x4)
                0x20000be8                __ram3_noinit__ = .
 *(.ram3)
 *(.ram3.*)
                0x20000be8                . = ALIGN (0x4)
                0x20000be8                __ram3_free__ = .

.ram4_init      0x00000000        0x0 load address 0x08002764
                0x00000000                . = ALIGN (0x4)
                0x08002764                __ram4_init_text__ = LOADADDR (.ram4_init)
                0x00000000                __ram4_init__ = .
 *(.ram4_init)
 *(.ram4_init.*)
                0x00000000                . = ALIGN (0x4)

.ram4           0x00000000        0x0 load address 0x08002764
                0x00000000                . = ALIGN (0x4)
                0x00000000                __ram4_clear__ = .
 *(.ram4_clear)
 *(.ram4_clear.*)
                0x00000000                . = ALIGN (0x4)
                0x00000000                __ram4_noinit__ = .
 *(.ram4)
 *(.ram4.*)
                0x00000000                . = ALIGN (0x4)
                0x00000000                __ram4_free__ = .

.ram5_init      0x40024000        0x0 load address 0x08002764
                0x40024000                . = ALIGN (0x4)
                0x08002764                __ram5_init_text__ = LOADADDR (.ram5_init)
                0x40024000                __ram5_init__ = .
 *(.ram5_init)
 *(.ram5_init.*)
                0x40024000                . = ALIGN (0x4)

.ram5           0x40024000        0x0 load address 0x08002764
                0x40024000                . = ALIGN (0x4)
                0x40024000                __ram5_clear__ = .
 *(.ram5_clear)
 *(.ram5_clear.*)
                0x40024000                . = ALIGN (0x4)
                0x40024000                __ram5_noinit__ = .
 *(.ram5)
 *(.ram5.*)
                0x40024000                . = ALIGN (0x4)
                0x40024000                __ram5_free__ = .

.ram6_init      0x00000000        0x0 load address 0x08002764
                0x00000000                . = ALIGN (0x4)
                0x08002764                __ram6_init_text__ = LOADADDR (.ram6_init)
                0x00000000                __ram6_init__ = .
 *(.ram6_init)
 *(.ram6_init.*)
                0x00000000                . = ALIGN (0x4)

.ram6           0x00000000        0x0 load address 0x08002764
                0x00000000                . = ALIGN (0x4)
                0x00000000                __ram6_clear__ = .
 *(.ram6_clear)
 *(.ram6_clear.*)
                0x00000000                . = ALIGN (0x4)
                0x00000000                __ram6_noinit__ = .
 *(.ram6)
 *(.ram6.*)
                0x00000000                . = ALIGN (0x4)
                0x00000000                __ram6_free__ = .

.ram7_init      0x00000000        0x0 load address 0x08002764
                0x00000000                . = ALIGN (0x4)
                0x08002764                __ram7_init_text__ = LOADADDR (.ram7_init)
                0x00000000                __ram7_init__ = .
 *(.ram7_init)
 *(.ram7_init.*)
                0x00000000                . = ALIGN (0x4)

.ram7           0x00000000        0x0 load address 0x08002764
                0x00000000                . = ALIGN (0x4)
                0x00000000                __ram7_clear__ = .
 *(.ram7_clear)
 *(.ram7_clear.*)
                0x00000000                . = ALIGN (0x4)
                0x00000000                __ram7_noinit__ = .
 *(.ram7)
 *(.ram7.*)
                0x00000000                . = ALIGN (0x4)
                0x00000000                __ram7_free__ = .

.heap           0x20020000    0x60000
                0x20020000                . = ALIGN (0x8)
                0x20020000                __heap_base__ = .
                0x20080000                . = (ORIGIN (HEAP_RAM) + LENGTH (HEAP_RAM))
 *fill*         0x20020000    0x60000 
                0x20080000                __heap_end__ = .
                0x00000400                __process_stack_size__ = 0x400
                0x00000400                __main_stack_size__ = 0x400
START GROUP
LOAD d:/chibistudio_preview19/chibistudio/tools/gnu tools arm embedded/6.3 2017q1/bin/../lib/gcc/arm-none-eabi/6.3.1/thumb/v7e-m\libgcc.a
LOAD d:/chibistudio_preview19/chibistudio/tools/gnu tools arm embedded/6.3 2017q1/bin/../lib/gcc/arm-none-eabi/6.3.1/../../../../arm-none-eabi/lib/thumb/v7e-m\libg.a
LOAD d:/chibistudio_preview19/chibistudio/tools/gnu tools arm embedded/6.3 2017q1/bin/../lib/gcc/arm-none-eabi/6.3.1/../../../../arm-none-eabi/lib/thumb/v7e-m\libc.a
END GROUP
OUTPUT(build/ch.elf elf32-littlearm)

.ARM.attributes
                0x00000000       0x2d
 .ARM.attributes
                0x00000000       0x21 build/obj/crt0_v7m.o
 .ARM.attributes
                0x00000021       0x21 build/obj/chcoreasm_v7m.o
 .ARM.attributes
                0x00000042       0x31 C:\Users\8FEE~1\AppData\Local\Temp\ccB6fCZF.ltrans0.ltrans.o
 .ARM.attributes
                0x00000073       0x31 C:\Users\8FEE~1\AppData\Local\Temp\ccB6fCZF.ltrans1.ltrans.o
 .ARM.attributes
                0x000000a4       0x31 C:\Users\8FEE~1\AppData\Local\Temp\ccB6fCZF.ltrans2.ltrans.o

.comment        0x00000000       0x7f
 .comment       0x00000000       0x7f C:\Users\8FEE~1\AppData\Local\Temp\ccB6fCZF.ltrans0.ltrans.o
                                 0x80 (size before relaxing)
 .comment       0x0000007f       0x80 C:\Users\8FEE~1\AppData\Local\Temp\ccB6fCZF.ltrans1.ltrans.o
 .comment       0x0000007f       0x80 C:\Users\8FEE~1\AppData\Local\Temp\ccB6fCZF.ltrans2.ltrans.o

.debug_info     0x00000000     0x907c
 .debug_info    0x00000000     0x4868 C:\Users\8FEE~1\AppData\Local\Temp\ccB6fCZF.ltrans0.ltrans.o
 .debug_info    0x00004868     0x37eb C:\Users\8FEE~1\AppData\Local\Temp\ccB6fCZF.ltrans1.ltrans.o
 .debug_info    0x00008053     0x1029 C:\Users\8FEE~1\AppData\Local\Temp\ccB6fCZF.ltrans2.ltrans.o

.debug_abbrev   0x00000000      0xfa5
 .debug_abbrev  0x00000000      0x746 C:\Users\8FEE~1\AppData\Local\Temp\ccB6fCZF.ltrans0.ltrans.o
 .debug_abbrev  0x00000746      0x4c1 C:\Users\8FEE~1\AppData\Local\Temp\ccB6fCZF.ltrans1.ltrans.o
 .debug_abbrev  0x00000c07      0x39e C:\Users\8FEE~1\AppData\Local\Temp\ccB6fCZF.ltrans2.ltrans.o

.debug_loc      0x00000000     0x36b2
 .debug_loc     0x00000000     0x1c4d C:\Users\8FEE~1\AppData\Local\Temp\ccB6fCZF.ltrans0.ltrans.o
 .debug_loc     0x00001c4d      0xbb9 C:\Users\8FEE~1\AppData\Local\Temp\ccB6fCZF.ltrans1.ltrans.o
 .debug_loc     0x00002806      0xeac C:\Users\8FEE~1\AppData\Local\Temp\ccB6fCZF.ltrans2.ltrans.o

.debug_aranges  0x00000000      0x2c0
 .debug_aranges
                0x00000000      0x250 C:\Users\8FEE~1\AppData\Local\Temp\ccB6fCZF.ltrans0.ltrans.o
 .debug_aranges
                0x00000250       0x30 C:\Users\8FEE~1\AppData\Local\Temp\ccB6fCZF.ltrans1.ltrans.o
 .debug_aranges
                0x00000280       0x40 C:\Users\8FEE~1\AppData\Local\Temp\ccB6fCZF.ltrans2.ltrans.o

.debug_ranges   0x00000000     0x15f0
 .debug_ranges  0x00000000      0x688 C:\Users\8FEE~1\AppData\Local\Temp\ccB6fCZF.ltrans0.ltrans.o
 .debug_ranges  0x00000688      0xe38 C:\Users\8FEE~1\AppData\Local\Temp\ccB6fCZF.ltrans1.ltrans.o
 .debug_ranges  0x000014c0      0x130 C:\Users\8FEE~1\AppData\Local\Temp\ccB6fCZF.ltrans2.ltrans.o

.debug_line     0x00000000     0x2b1b
 .debug_line    0x00000000     0x14b5 C:\Users\8FEE~1\AppData\Local\Temp\ccB6fCZF.ltrans0.ltrans.o
 .debug_line    0x000014b5     0x100a C:\Users\8FEE~1\AppData\Local\Temp\ccB6fCZF.ltrans1.ltrans.o
 .debug_line    0x000024bf      0x65c C:\Users\8FEE~1\AppData\Local\Temp\ccB6fCZF.ltrans2.ltrans.o

.debug_str      0x00000000     0x1dd1
 .debug_str     0x00000000     0x130b C:\Users\8FEE~1\AppData\Local\Temp\ccB6fCZF.ltrans0.ltrans.o
                               0x1426 (size before relaxing)
 .debug_str     0x0000130b      0x8b9 C:\Users\8FEE~1\AppData\Local\Temp\ccB6fCZF.ltrans1.ltrans.o
                               0x13e9 (size before relaxing)
 .debug_str     0x00001bc4      0x20d C:\Users\8FEE~1\AppData\Local\Temp\ccB6fCZF.ltrans2.ltrans.o
                                0x847 (size before relaxing)

.debug_frame    0x00000000      0x914
 .debug_frame   0x00000000      0x7fc C:\Users\8FEE~1\AppData\Local\Temp\ccB6fCZF.ltrans0.ltrans.o
 .debug_frame   0x000007fc       0x54 C:\Users\8FEE~1\AppData\Local\Temp\ccB6fCZF.ltrans1.ltrans.o
 .debug_frame   0x00000850       0xc4 C:\Users\8FEE~1\AppData\Local\Temp\ccB6fCZF.ltrans2.ltrans.o

Cross Reference Table

Symbol                                            File
ADCD1                                             C:\Users\8FEE~1\AppData\Local\Temp\ccB6fCZF.ltrans1.ltrans.o
                                                  build/obj/hal_adc_lld.o (symbol from plugin)
                                                  C:\Users\8FEE~1\AppData\Local\Temp\ccB6fCZF.ltrans0.ltrans.o
                                                  build/obj/main.o (symbol from plugin)
BusFault_Handler                                  build/obj/vectors.o (symbol from plugin)
DebugMon_Handler                                  build/obj/vectors.o (symbol from plugin)
EXTD1                                             C:\Users\8FEE~1\AppData\Local\Temp\ccB6fCZF.ltrans1.ltrans.o
                                                  build/obj/hal_ext_lld.o (symbol from plugin)
                                                  C:\Users\8FEE~1\AppData\Local\Temp\ccB6fCZF.ltrans0.ltrans.o
                                                  build/obj/hal_ext_lld_isr.o (symbol from plugin)
GPTD4                                             C:\Users\8FEE~1\AppData\Local\Temp\ccB6fCZF.ltrans1.ltrans.o
                                                  build/obj/hal_gpt_lld.o (symbol from plugin)
                                                  C:\Users\8FEE~1\AppData\Local\Temp\ccB6fCZF.ltrans0.ltrans.o
                                                  build/obj/main.o (symbol from plugin)
HardFault_Handler                                 build/obj/vectors.o (symbol from plugin)
ICUD8                                             C:\Users\8FEE~1\AppData\Local\Temp\ccB6fCZF.ltrans1.ltrans.o
                                                  build/obj/hal_icu_lld.o (symbol from plugin)
                                                  C:\Users\8FEE~1\AppData\Local\Temp\ccB6fCZF.ltrans0.ltrans.o
ICUD9                                             C:\Users\8FEE~1\AppData\Local\Temp\ccB6fCZF.ltrans1.ltrans.o
                                                  build/obj/hal_icu_lld.o (symbol from plugin)
                                                  C:\Users\8FEE~1\AppData\Local\Temp\ccB6fCZF.ltrans0.ltrans.o
MemManage_Handler                                 build/obj/vectors.o (symbol from plugin)
NMI_Handler                                       build/obj/vectors.o (symbol from plugin)
PendSV_Handler                                    build/obj/vectors.o (symbol from plugin)
Reset_Handler                                     build/obj/crt0_v7m.o
                                                  C:\Users\8FEE~1\AppData\Local\Temp\ccB6fCZF.ltrans0.ltrans.o
                                                  build/obj/vectors.o (symbol from plugin)
SD7                                               C:\Users\8FEE~1\AppData\Local\Temp\ccB6fCZF.ltrans2.ltrans.o
                                                  build/obj/hal_serial_lld.o (symbol from plugin)
                                                  C:\Users\8FEE~1\AppData\Local\Temp\ccB6fCZF.ltrans1.ltrans.o
                                                  C:\Users\8FEE~1\AppData\Local\Temp\ccB6fCZF.ltrans0.ltrans.o
                                                  build/obj/main.o (symbol from plugin)
SVC_Handler                                       build/obj/chcore_v7m.o (symbol from plugin)
                                                  build/obj/vectors.o (symbol from plugin)
SysTick_Handler                                   build/obj/hal_st_lld.o (symbol from plugin)
                                                  build/obj/vectors.o (symbol from plugin)
SystemCoreClock                                   build/obj/hal_lld.o (symbol from plugin)
UsageFault_Handler                                build/obj/vectors.o (symbol from plugin)
Vector100                                         build/obj/vectors.o (symbol from plugin)
Vector104                                         build/obj/vectors.o (symbol from plugin)
Vector108                                         build/obj/vectors.o (symbol from plugin)
Vector10C                                         build/obj/vectors.o (symbol from plugin)
Vector110                                         build/obj/vectors.o (symbol from plugin)
Vector114                                         build/obj/vectors.o (symbol from plugin)
Vector118                                         build/obj/vectors.o (symbol from plugin)
Vector11C                                         build/obj/vectors.o (symbol from plugin)
Vector120                                         build/obj/stm32_dma.o (symbol from plugin)
                                                  build/obj/vectors.o (symbol from plugin)
Vector124                                         build/obj/stm32_dma.o (symbol from plugin)
                                                  build/obj/vectors.o (symbol from plugin)
Vector128                                         build/obj/stm32_dma.o (symbol from plugin)
                                                  build/obj/vectors.o (symbol from plugin)
Vector12C                                         build/obj/stm32_dma.o (symbol from plugin)
                                                  build/obj/vectors.o (symbol from plugin)
Vector130                                         build/obj/stm32_dma.o (symbol from plugin)
                                                  build/obj/vectors.o (symbol from plugin)
Vector134                                         build/obj/vectors.o (symbol from plugin)
Vector138                                         build/obj/hal_ext_lld_isr.o (symbol from plugin)
                                                  build/obj/vectors.o (symbol from plugin)
Vector13C                                         build/obj/vectors.o (symbol from plugin)
Vector140                                         build/obj/vectors.o (symbol from plugin)
Vector144                                         build/obj/vectors.o (symbol from plugin)
Vector148                                         build/obj/vectors.o (symbol from plugin)
Vector14C                                         build/obj/vectors.o (symbol from plugin)
Vector150                                         build/obj/stm32_dma.o (symbol from plugin)
                                                  build/obj/vectors.o (symbol from plugin)
Vector154                                         build/obj/stm32_dma.o (symbol from plugin)
                                                  build/obj/vectors.o (symbol from plugin)
Vector158                                         build/obj/stm32_dma.o (symbol from plugin)
                                                  build/obj/vectors.o (symbol from plugin)
Vector15C                                         build/obj/vectors.o (symbol from plugin)
Vector160                                         build/obj/vectors.o (symbol from plugin)
Vector164                                         build/obj/vectors.o (symbol from plugin)
Vector168                                         build/obj/vectors.o (symbol from plugin)
Vector16C                                         build/obj/vectors.o (symbol from plugin)
Vector170                                         build/obj/hal_ext_lld_isr.o (symbol from plugin)
                                                  build/obj/vectors.o (symbol from plugin)
Vector174                                         build/obj/vectors.o (symbol from plugin)
Vector178                                         build/obj/vectors.o (symbol from plugin)
Vector17C                                         build/obj/vectors.o (symbol from plugin)
Vector180                                         build/obj/vectors.o (symbol from plugin)
Vector184                                         build/obj/vectors.o (symbol from plugin)
Vector188                                         build/obj/hal_serial_lld.o (symbol from plugin)
                                                  build/obj/vectors.o (symbol from plugin)
Vector18C                                         build/obj/vectors.o (symbol from plugin)
Vector190                                         build/obj/vectors.o (symbol from plugin)
Vector194                                         build/obj/vectors.o (symbol from plugin)
Vector198                                         build/obj/vectors.o (symbol from plugin)
Vector19C                                         build/obj/vectors.o (symbol from plugin)
Vector1A0                                         build/obj/vectors.o (symbol from plugin)
Vector1A4                                         build/obj/vectors.o (symbol from plugin)
Vector1A8                                         build/obj/vectors.o (symbol from plugin)
Vector1AC                                         build/obj/vectors.o (symbol from plugin)
Vector1B0                                         build/obj/vectors.o (symbol from plugin)
Vector1B4                                         build/obj/vectors.o (symbol from plugin)
Vector1B8                                         build/obj/vectors.o (symbol from plugin)
Vector1BC                                         build/obj/vectors.o (symbol from plugin)
Vector1C                                          build/obj/vectors.o (symbol from plugin)
Vector1C0                                         build/obj/vectors.o (symbol from plugin)
Vector1C4                                         build/obj/vectors.o (symbol from plugin)
Vector1C8                                         build/obj/vectors.o (symbol from plugin)
Vector1CC                                         build/obj/vectors.o (symbol from plugin)
Vector1D0                                         build/obj/vectors.o (symbol from plugin)
Vector1D4                                         build/obj/vectors.o (symbol from plugin)
Vector1D8                                         build/obj/vectors.o (symbol from plugin)
Vector1DC                                         build/obj/vectors.o (symbol from plugin)
Vector1E0                                         build/obj/vectors.o (symbol from plugin)
Vector1E4                                         build/obj/vectors.o (symbol from plugin)
Vector1E8                                         build/obj/vectors.o (symbol from plugin)
Vector1EC                                         build/obj/vectors.o (symbol from plugin)
Vector1F0                                         build/obj/vectors.o (symbol from plugin)
Vector1F4                                         build/obj/vectors.o (symbol from plugin)
Vector1F8                                         build/obj/vectors.o (symbol from plugin)
Vector1FC                                         build/obj/vectors.o (symbol from plugin)
Vector20                                          build/obj/vectors.o (symbol from plugin)
Vector24                                          build/obj/vectors.o (symbol from plugin)
Vector28                                          build/obj/vectors.o (symbol from plugin)
Vector34                                          build/obj/vectors.o (symbol from plugin)
Vector40                                          build/obj/vectors.o (symbol from plugin)
Vector44                                          build/obj/hal_ext_lld_isr.o (symbol from plugin)
                                                  build/obj/vectors.o (symbol from plugin)
Vector48                                          build/obj/hal_ext_lld_isr.o (symbol from plugin)
                                                  build/obj/vectors.o (symbol from plugin)
Vector4C                                          build/obj/hal_ext_lld_isr.o (symbol from plugin)
                                                  build/obj/vectors.o (symbol from plugin)
Vector50                                          build/obj/vectors.o (symbol from plugin)
Vector54                                          build/obj/vectors.o (symbol from plugin)
Vector58                                          build/obj/hal_ext_lld_isr.o (symbol from plugin)
                                                  build/obj/vectors.o (symbol from plugin)
Vector5C                                          build/obj/hal_ext_lld_isr.o (symbol from plugin)
                                                  build/obj/vectors.o (symbol from plugin)
Vector60                                          build/obj/hal_ext_lld_isr.o (symbol from plugin)
                                                  build/obj/vectors.o (symbol from plugin)
Vector64                                          build/obj/hal_ext_lld_isr.o (symbol from plugin)
                                                  build/obj/vectors.o (symbol from plugin)
Vector68                                          build/obj/hal_ext_lld_isr.o (symbol from plugin)
                                                  build/obj/vectors.o (symbol from plugin)
Vector6C                                          build/obj/stm32_dma.o (symbol from plugin)
                                                  build/obj/vectors.o (symbol from plugin)
Vector70                                          build/obj/stm32_dma.o (symbol from plugin)
                                                  build/obj/vectors.o (symbol from plugin)
Vector74                                          build/obj/stm32_dma.o (symbol from plugin)
                                                  build/obj/vectors.o (symbol from plugin)
Vector78                                          build/obj/stm32_dma.o (symbol from plugin)
                                                  build/obj/vectors.o (symbol from plugin)
Vector7C                                          build/obj/stm32_dma.o (symbol from plugin)
                                                  build/obj/vectors.o (symbol from plugin)
Vector80                                          build/obj/stm32_dma.o (symbol from plugin)
                                                  build/obj/vectors.o (symbol from plugin)
Vector84                                          build/obj/stm32_dma.o (symbol from plugin)
                                                  build/obj/vectors.o (symbol from plugin)
Vector88                                          build/obj/hal_adc_lld.o (symbol from plugin)
                                                  build/obj/vectors.o (symbol from plugin)
Vector8C                                          build/obj/vectors.o (symbol from plugin)
Vector90                                          build/obj/vectors.o (symbol from plugin)
Vector94                                          build/obj/vectors.o (symbol from plugin)
Vector98                                          build/obj/vectors.o (symbol from plugin)
Vector9C                                          build/obj/hal_ext_lld_isr.o (symbol from plugin)
                                                  build/obj/vectors.o (symbol from plugin)
VectorA0                                          build/obj/hal_icu_lld.o (symbol from plugin)
                                                  build/obj/vectors.o (symbol from plugin)
VectorA4                                          build/obj/vectors.o (symbol from plugin)
VectorA8                                          build/obj/vectors.o (symbol from plugin)
VectorAC                                          build/obj/vectors.o (symbol from plugin)
VectorB0                                          build/obj/vectors.o (symbol from plugin)
VectorB4                                          build/obj/vectors.o (symbol from plugin)
VectorB8                                          build/obj/hal_gpt_lld.o (symbol from plugin)
                                                  build/obj/vectors.o (symbol from plugin)
VectorBC                                          build/obj/vectors.o (symbol from plugin)
VectorC0                                          build/obj/vectors.o (symbol from plugin)
VectorC4                                          build/obj/vectors.o (symbol from plugin)
VectorC8                                          build/obj/vectors.o (symbol from plugin)
VectorCC                                          build/obj/vectors.o (symbol from plugin)
VectorD0                                          build/obj/vectors.o (symbol from plugin)
VectorD4                                          build/obj/vectors.o (symbol from plugin)
VectorD8                                          build/obj/vectors.o (symbol from plugin)
VectorDC                                          build/obj/vectors.o (symbol from plugin)
VectorE0                                          build/obj/hal_ext_lld_isr.o (symbol from plugin)
                                                  build/obj/vectors.o (symbol from plugin)
VectorE4                                          build/obj/hal_ext_lld_isr.o (symbol from plugin)
                                                  build/obj/vectors.o (symbol from plugin)
VectorE8                                          build/obj/hal_ext_lld_isr.o (symbol from plugin)
                                                  build/obj/vectors.o (symbol from plugin)
VectorEC                                          build/obj/vectors.o (symbol from plugin)
VectorF0                                          build/obj/hal_icu_lld.o (symbol from plugin)
                                                  build/obj/vectors.o (symbol from plugin)
VectorF4                                          build/obj/vectors.o (symbol from plugin)
VectorF8                                          build/obj/hal_icu_lld.o (symbol from plugin)
                                                  build/obj/vectors.o (symbol from plugin)
VectorFC                                          build/obj/stm32_dma.o (symbol from plugin)
                                                  build/obj/vectors.o (symbol from plugin)
__core_init                                       C:\Users\8FEE~1\AppData\Local\Temp\ccB6fCZF.ltrans0.ltrans.o
                                                  build/obj/crt1.o (symbol from plugin)
                                                  build/obj/crt0_v7m.o
__default_exit                                    C:\Users\8FEE~1\AppData\Local\Temp\ccB6fCZF.ltrans0.ltrans.o
                                                  build/obj/crt1.o (symbol from plugin)
                                                  build/obj/crt0_v7m.o
__early_init                                      C:\Users\8FEE~1\AppData\Local\Temp\ccB6fCZF.ltrans0.ltrans.o
                                                  build/obj/board.o (symbol from plugin)
                                                  build/obj/crt1.o (symbol from plugin)
                                                  build/obj/crt0_v7m.o
__fini_array_end                                  build/obj/crt0_v7m.o
__fini_array_start                                build/obj/crt0_v7m.o
__heap_base__                                     C:\Users\8FEE~1\AppData\Local\Temp\ccB6fCZF.ltrans1.ltrans.o
                                                  build/obj/chmemcore.o (symbol from plugin)
__heap_end__                                      C:\Users\8FEE~1\AppData\Local\Temp\ccB6fCZF.ltrans1.ltrans.o
                                                  build/obj/chmemcore.o (symbol from plugin)
__init_array_end                                  build/obj/crt0_v7m.o
__init_array_start                                build/obj/crt0_v7m.o
__init_ram_areas                                  C:\Users\8FEE~1\AppData\Local\Temp\ccB6fCZF.ltrans0.ltrans.o
                                                  build/obj/crt1.o (symbol from plugin)
                                                  build/obj/crt0_v7m.o
__late_init                                       C:\Users\8FEE~1\AppData\Local\Temp\ccB6fCZF.ltrans0.ltrans.o
                                                  build/obj/crt1.o (symbol from plugin)
                                                  build/obj/crt0_v7m.o
__main_stack_base__                               build/obj/crt0_v7m.o
__main_stack_end__                                C:\Users\8FEE~1\AppData\Local\Temp\ccB6fCZF.ltrans0.ltrans.o
                                                  build/obj/vectors.o (symbol from plugin)
                                                  build/obj/crt0_v7m.o
__process_stack_base__                            build/obj/crt0_v7m.o
__process_stack_end__                             build/obj/crt0_v7m.o
__ram0_clear__                                    C:\Users\8FEE~1\AppData\Local\Temp\ccB6fCZF.ltrans0.ltrans.o
                                                  build/obj/crt1.o (symbol from plugin)
__ram0_init__                                     C:\Users\8FEE~1\AppData\Local\Temp\ccB6fCZF.ltrans0.ltrans.o
                                                  build/obj/crt1.o (symbol from plugin)
__ram0_init_text__                                C:\Users\8FEE~1\AppData\Local\Temp\ccB6fCZF.ltrans0.ltrans.o
                                                  build/obj/crt1.o (symbol from plugin)
__ram0_noinit__                                   C:\Users\8FEE~1\AppData\Local\Temp\ccB6fCZF.ltrans0.ltrans.o
                                                  build/obj/crt1.o (symbol from plugin)
__ram1_clear__                                    C:\Users\8FEE~1\AppData\Local\Temp\ccB6fCZF.ltrans0.ltrans.o
                                                  build/obj/crt1.o (symbol from plugin)
__ram1_init__                                     C:\Users\8FEE~1\AppData\Local\Temp\ccB6fCZF.ltrans0.ltrans.o
                                                  build/obj/crt1.o (symbol from plugin)
__ram1_init_text__                                C:\Users\8FEE~1\AppData\Local\Temp\ccB6fCZF.ltrans0.ltrans.o
                                                  build/obj/crt1.o (symbol from plugin)
__ram1_noinit__                                   C:\Users\8FEE~1\AppData\Local\Temp\ccB6fCZF.ltrans0.ltrans.o
                                                  build/obj/crt1.o (symbol from plugin)
__ram2_clear__                                    C:\Users\8FEE~1\AppData\Local\Temp\ccB6fCZF.ltrans0.ltrans.o
                                                  build/obj/crt1.o (symbol from plugin)
__ram2_init__                                     C:\Users\8FEE~1\AppData\Local\Temp\ccB6fCZF.ltrans0.ltrans.o
                                                  build/obj/crt1.o (symbol from plugin)
__ram2_init_text__                                C:\Users\8FEE~1\AppData\Local\Temp\ccB6fCZF.ltrans0.ltrans.o
                                                  build/obj/crt1.o (symbol from plugin)
__ram2_noinit__                                   C:\Users\8FEE~1\AppData\Local\Temp\ccB6fCZF.ltrans0.ltrans.o
                                                  build/obj/crt1.o (symbol from plugin)
__ram3_clear__                                    C:\Users\8FEE~1\AppData\Local\Temp\ccB6fCZF.ltrans0.ltrans.o
                                                  build/obj/crt1.o (symbol from plugin)
__ram3_init__                                     C:\Users\8FEE~1\AppData\Local\Temp\ccB6fCZF.ltrans0.ltrans.o
                                                  build/obj/crt1.o (symbol from plugin)
__ram3_init_text__                                C:\Users\8FEE~1\AppData\Local\Temp\ccB6fCZF.ltrans0.ltrans.o
                                                  build/obj/crt1.o (symbol from plugin)
__ram3_noinit__                                   C:\Users\8FEE~1\AppData\Local\Temp\ccB6fCZF.ltrans0.ltrans.o
                                                  build/obj/crt1.o (symbol from plugin)
__ram4_clear__                                    C:\Users\8FEE~1\AppData\Local\Temp\ccB6fCZF.ltrans0.ltrans.o
                                                  build/obj/crt1.o (symbol from plugin)
__ram4_init__                                     C:\Users\8FEE~1\AppData\Local\Temp\ccB6fCZF.ltrans0.ltrans.o
                                                  build/obj/crt1.o (symbol from plugin)
__ram4_init_text__                                C:\Users\8FEE~1\AppData\Local\Temp\ccB6fCZF.ltrans0.ltrans.o
                                                  build/obj/crt1.o (symbol from plugin)
__ram4_noinit__                                   C:\Users\8FEE~1\AppData\Local\Temp\ccB6fCZF.ltrans0.ltrans.o
                                                  build/obj/crt1.o (symbol from plugin)
__ram5_clear__                                    C:\Users\8FEE~1\AppData\Local\Temp\ccB6fCZF.ltrans0.ltrans.o
                                                  build/obj/crt1.o (symbol from plugin)
__ram5_init__                                     C:\Users\8FEE~1\AppData\Local\Temp\ccB6fCZF.ltrans0.ltrans.o
                                                  build/obj/crt1.o (symbol from plugin)
__ram5_init_text__                                C:\Users\8FEE~1\AppData\Local\Temp\ccB6fCZF.ltrans0.ltrans.o
                                                  build/obj/crt1.o (symbol from plugin)
__ram5_noinit__                                   C:\Users\8FEE~1\AppData\Local\Temp\ccB6fCZF.ltrans0.ltrans.o
                                                  build/obj/crt1.o (symbol from plugin)
__ram6_clear__                                    C:\Users\8FEE~1\AppData\Local\Temp\ccB6fCZF.ltrans0.ltrans.o
                                                  build/obj/crt1.o (symbol from plugin)
__ram6_init__                                     C:\Users\8FEE~1\AppData\Local\Temp\ccB6fCZF.ltrans0.ltrans.o
                                                  build/obj/crt1.o (symbol from plugin)
__ram6_init_text__                                C:\Users\8FEE~1\AppData\Local\Temp\ccB6fCZF.ltrans0.ltrans.o
                                                  build/obj/crt1.o (symbol from plugin)
__ram6_noinit__                                   C:\Users\8FEE~1\AppData\Local\Temp\ccB6fCZF.ltrans0.ltrans.o
                                                  build/obj/crt1.o (symbol from plugin)
__ram7_clear__                                    C:\Users\8FEE~1\AppData\Local\Temp\ccB6fCZF.ltrans0.ltrans.o
                                                  build/obj/crt1.o (symbol from plugin)
__ram7_init__                                     C:\Users\8FEE~1\AppData\Local\Temp\ccB6fCZF.ltrans0.ltrans.o
                                                  build/obj/crt1.o (symbol from plugin)
__ram7_init_text__                                C:\Users\8FEE~1\AppData\Local\Temp\ccB6fCZF.ltrans0.ltrans.o
                                                  build/obj/crt1.o (symbol from plugin)
__ram7_noinit__                                   C:\Users\8FEE~1\AppData\Local\Temp\ccB6fCZF.ltrans0.ltrans.o
                                                  build/obj/crt1.o (symbol from plugin)
_bss_end                                          build/obj/crt0_v7m.o
_bss_start                                        build/obj/crt0_v7m.o
_core_init                                        build/obj/chmemcore.o (symbol from plugin)
                                                  build/obj/chsys.o (symbol from plugin)
_data_end                                         build/obj/crt0_v7m.o
_data_start                                       build/obj/crt0_v7m.o
_get.lto_priv.49                                  C:\Users\8FEE~1\AppData\Local\Temp\ccB6fCZF.ltrans0.ltrans.o
                                                  C:\Users\8FEE~1\AppData\Local\Temp\ccB6fCZF.ltrans1.ltrans.o
_gett.lto_priv.51                                 C:\Users\8FEE~1\AppData\Local\Temp\ccB6fCZF.ltrans0.ltrans.o
                                                  C:\Users\8FEE~1\AppData\Local\Temp\ccB6fCZF.ltrans1.ltrans.o
_heap_init                                        build/obj/chheap.o (symbol from plugin)
                                                  build/obj/chsys.o (symbol from plugin)
_idle_thread.lto_priv.54                          C:\Users\8FEE~1\AppData\Local\Temp\ccB6fCZF.ltrans0.ltrans.o
                                                  C:\Users\8FEE~1\AppData\Local\Temp\ccB6fCZF.ltrans1.ltrans.o
_pal_lld_init                                     build/obj/hal_pal_lld.o (symbol from plugin)
                                                  build/obj/hal.o (symbol from plugin)
_pal_lld_setgroupmode                             C:\Users\8FEE~1\AppData\Local\Temp\ccB6fCZF.ltrans0.ltrans.o
                                                  build/obj/hal_pal_lld.o (symbol from plugin)
                                                  C:\Users\8FEE~1\AppData\Local\Temp\ccB6fCZF.ltrans1.ltrans.o
                                                  build/obj/main.o (symbol from plugin)
                                                  build/obj/hal_pal.o (symbol from plugin)
_port_exit_from_isr                               build/obj/chcoreasm_v7m.o
                                                  C:\Users\8FEE~1\AppData\Local\Temp\ccB6fCZF.ltrans0.ltrans.o
                                                  build/obj/chcore_v7m.o (symbol from plugin)
_port_irq_epilogue                                build/obj/chcore_v7m.o (symbol from plugin)
                                                  build/obj/hal_serial_lld.o (symbol from plugin)
                                                  build/obj/hal_icu_lld.o (symbol from plugin)
                                                  build/obj/hal_gpt_lld.o (symbol from plugin)
                                                  build/obj/hal_st_lld.o (symbol from plugin)
                                                  build/obj/stm32_dma.o (symbol from plugin)
                                                  build/obj/hal_adc_lld.o (symbol from plugin)
                                                  build/obj/hal_ext_lld_isr.o (symbol from plugin)
_port_switch                                      build/obj/chcoreasm_v7m.o
                                                  C:\Users\8FEE~1\AppData\Local\Temp\ccB6fCZF.ltrans0.ltrans.o
                                                  build/obj/chschd.o (symbol from plugin)
_port_switch_from_isr                             build/obj/chcoreasm_v7m.o
                                                  C:\Users\8FEE~1\AppData\Local\Temp\ccB6fCZF.ltrans0.ltrans.o
                                                  build/obj/chcore_v7m.o (symbol from plugin)
_port_thread_start                                build/obj/chcoreasm_v7m.o
                                                  C:\Users\8FEE~1\AppData\Local\Temp\ccB6fCZF.ltrans1.ltrans.o
                                                  build/obj/chthreads.o (symbol from plugin)
_put.lto_priv.48                                  C:\Users\8FEE~1\AppData\Local\Temp\ccB6fCZF.ltrans0.ltrans.o
                                                  C:\Users\8FEE~1\AppData\Local\Temp\ccB6fCZF.ltrans1.ltrans.o
_putt.lto_priv.50                                 C:\Users\8FEE~1\AppData\Local\Temp\ccB6fCZF.ltrans0.ltrans.o
                                                  C:\Users\8FEE~1\AppData\Local\Temp\ccB6fCZF.ltrans1.ltrans.o
_read.lto_priv.47                                 C:\Users\8FEE~1\AppData\Local\Temp\ccB6fCZF.ltrans0.ltrans.o
                                                  C:\Users\8FEE~1\AppData\Local\Temp\ccB6fCZF.ltrans1.ltrans.o
_readt.lto_priv.53                                C:\Users\8FEE~1\AppData\Local\Temp\ccB6fCZF.ltrans0.ltrans.o
                                                  C:\Users\8FEE~1\AppData\Local\Temp\ccB6fCZF.ltrans1.ltrans.o
_scheduler_init                                   build/obj/chschd.o (symbol from plugin)
                                                  build/obj/chsys.o (symbol from plugin)
_stm32_dma_streams                                build/obj/stm32_dma.o (symbol from plugin)
                                                  build/obj/hal_adc_lld.o (symbol from plugin)
_textdata_start                                   build/obj/crt0_v7m.o
_thread_init                                      build/obj/chthreads.o (symbol from plugin)
                                                  build/obj/chsys.o (symbol from plugin)
_tm_init                                          build/obj/chtm.o (symbol from plugin)
                                                  build/obj/chsys.o (symbol from plugin)
_unhandled_exception                              build/obj/vectors.o (symbol from plugin)
_vectors                                          C:\Users\8FEE~1\AppData\Local\Temp\ccB6fCZF.ltrans0.ltrans.o
                                                  build/obj/vectors.o (symbol from plugin)
                                                  build/obj/crt0_v7m.o
_vt_init                                          build/obj/chvt.o (symbol from plugin)
                                                  build/obj/chsys.o (symbol from plugin)
_write.lto_priv.46                                C:\Users\8FEE~1\AppData\Local\Temp\ccB6fCZF.ltrans0.ltrans.o
                                                  C:\Users\8FEE~1\AppData\Local\Temp\ccB6fCZF.ltrans1.ltrans.o
_writet.lto_priv.52                               C:\Users\8FEE~1\AppData\Local\Temp\ccB6fCZF.ltrans0.ltrans.o
                                                  C:\Users\8FEE~1\AppData\Local\Temp\ccB6fCZF.ltrans1.ltrans.o
adcAcquireBus                                     build/obj/hal_adc.o (symbol from plugin)
adcConvert                                        build/obj/hal_adc.o (symbol from plugin)
adcInit                                           build/obj/hal_adc.o (symbol from plugin)
                                                  build/obj/hal.o (symbol from plugin)
adcObjectInit                                     build/obj/hal_adc.o (symbol from plugin)
                                                  build/obj/hal_adc_lld.o (symbol from plugin)
adcReleaseBus                                     build/obj/hal_adc.o (symbol from plugin)
adcSTM32DisableTSVREFE                            build/obj/hal_adc_lld.o (symbol from plugin)
adcSTM32DisableVBATE                              build/obj/hal_adc_lld.o (symbol from plugin)
adcSTM32EnableTSVREFE                             build/obj/hal_adc_lld.o (symbol from plugin)
adcSTM32EnableVBATE                               build/obj/hal_adc_lld.o (symbol from plugin)
adcStart                                          build/obj/hal_adc.o (symbol from plugin)
                                                  build/obj/main.o (symbol from plugin)
adcStartConversion                                build/obj/hal_adc.o (symbol from plugin)
                                                  build/obj/main.o (symbol from plugin)
adcStartConversionI                               build/obj/hal_adc.o (symbol from plugin)
adcStop                                           build/obj/hal_adc.o (symbol from plugin)
adcStopConversion                                 build/obj/hal_adc.o (symbol from plugin)
adcStopConversionI                                build/obj/hal_adc.o (symbol from plugin)
adc_lld_init                                      build/obj/hal_adc_lld.o (symbol from plugin)
                                                  build/obj/hal_adc.o (symbol from plugin)
adc_lld_serve_rx_interrupt.lto_priv.44            C:\Users\8FEE~1\AppData\Local\Temp\ccB6fCZF.ltrans0.ltrans.o
                                                  C:\Users\8FEE~1\AppData\Local\Temp\ccB6fCZF.ltrans1.ltrans.o
adc_lld_start                                     build/obj/hal_adc_lld.o (symbol from plugin)
                                                  build/obj/hal_adc.o (symbol from plugin)
adc_lld_start_conversion                          build/obj/hal_adc_lld.o (symbol from plugin)
                                                  build/obj/hal_adc.o (symbol from plugin)
adc_lld_stop                                      build/obj/hal_adc_lld.o (symbol from plugin)
                                                  build/obj/hal_adc.o (symbol from plugin)
adc_lld_stop_conversion                           build/obj/hal_adc_lld.o (symbol from plugin)
                                                  build/obj/hal_adc.o (symbol from plugin)
boardInit                                         build/obj/board.o (symbol from plugin)
                                                  build/obj/hal.o (symbol from plugin)
ch                                                C:\Users\8FEE~1\AppData\Local\Temp\ccB6fCZF.ltrans1.ltrans.o
                                                  build/obj/chschd.o (symbol from plugin)
                                                  C:\Users\8FEE~1\AppData\Local\Temp\ccB6fCZF.ltrans0.ltrans.o
                                                  build/obj/hal_queues.o (symbol from plugin)
                                                  build/obj/hal_buffers.o (symbol from plugin)
                                                  build/obj/chmsg.o (symbol from plugin)
                                                  build/obj/chevents.o (symbol from plugin)
                                                  build/obj/chcond.o (symbol from plugin)
                                                  build/obj/chmtx.o (symbol from plugin)
                                                  build/obj/chsem.o (symbol from plugin)
                                                  build/obj/chregistry.o (symbol from plugin)
                                                  build/obj/chtm.o (symbol from plugin)
                                                  build/obj/chthreads.o (symbol from plugin)
                                                  build/obj/chvt.o (symbol from plugin)
                                                  build/obj/chsys.o (symbol from plugin)
chCondBroadcast                                   build/obj/chcond.o (symbol from plugin)
chCondBroadcastI                                  build/obj/chcond.o (symbol from plugin)
chCondObjectInit                                  build/obj/chcond.o (symbol from plugin)
chCondSignal                                      build/obj/chcond.o (symbol from plugin)
chCondSignalI                                     build/obj/chcond.o (symbol from plugin)
chCondWait                                        build/obj/chcond.o (symbol from plugin)
chCondWaitS                                       build/obj/chcond.o (symbol from plugin)
chCondWaitTimeout                                 build/obj/chcond.o (symbol from plugin)
chCondWaitTimeoutS                                build/obj/chcond.o (symbol from plugin)
chCoreAllocAligned                                C:\Users\8FEE~1\AppData\Local\Temp\ccB6fCZF.ltrans0.ltrans.o
                                                  build/obj/chmemcore.o (symbol from plugin)
                                                  C:\Users\8FEE~1\AppData\Local\Temp\ccB6fCZF.ltrans1.ltrans.o
                                                  build/obj/chheap.o (symbol from plugin)
chCoreAllocAlignedI                               build/obj/chmemcore.o (symbol from plugin)
chCoreGetStatusX                                  build/obj/chmemcore.o (symbol from plugin)
chEvtAddEvents                                    build/obj/chevents.o (symbol from plugin)
chEvtBroadcastFlags                               build/obj/chevents.o (symbol from plugin)
chEvtBroadcastFlagsI                              build/obj/chevents.o (symbol from plugin)
                                                  build/obj/hal_serial_lld.o (symbol from plugin)
                                                  build/obj/hal_serial.o (symbol from plugin)
chEvtBroadcastFlagsI.constprop.34                 C:\Users\8FEE~1\AppData\Local\Temp\ccB6fCZF.ltrans2.ltrans.o
                                                  C:\Users\8FEE~1\AppData\Local\Temp\ccB6fCZF.ltrans0.ltrans.o
chEvtDispatch                                     build/obj/chevents.o (symbol from plugin)
chEvtGetAndClearEvents                            build/obj/chevents.o (symbol from plugin)
chEvtGetAndClearFlags                             build/obj/chevents.o (symbol from plugin)
chEvtGetAndClearFlagsI                            build/obj/chevents.o (symbol from plugin)
chEvtRegisterMaskWithFlags                        build/obj/chevents.o (symbol from plugin)
chEvtSignal                                       build/obj/chevents.o (symbol from plugin)
chEvtSignalI                                      build/obj/chevents.o (symbol from plugin)
chEvtUnregister                                   build/obj/chevents.o (symbol from plugin)
chEvtWaitAll                                      build/obj/chevents.o (symbol from plugin)
chEvtWaitAllTimeout                               build/obj/chevents.o (symbol from plugin)
chEvtWaitAny                                      build/obj/chevents.o (symbol from plugin)
chEvtWaitAnyTimeout                               build/obj/chevents.o (symbol from plugin)
chEvtWaitOne                                      build/obj/chevents.o (symbol from plugin)
chEvtWaitOneTimeout                               build/obj/chevents.o (symbol from plugin)
chGuardedPoolAllocTimeout                         build/obj/chmempools.o (symbol from plugin)
chGuardedPoolAllocTimeoutS                        build/obj/chmempools.o (symbol from plugin)
chGuardedPoolFree                                 build/obj/chmempools.o (symbol from plugin)
chGuardedPoolFreeI                                build/obj/chmempools.o (symbol from plugin)
chGuardedPoolLoadArray                            build/obj/chmempools.o (symbol from plugin)
chGuardedPoolObjectInit                           build/obj/chmempools.o (symbol from plugin)
chHeapAllocAligned                                build/obj/chheap.o (symbol from plugin)
                                                  build/obj/chdynamic.o (symbol from plugin)
chHeapFree                                        build/obj/chheap.o (symbol from plugin)
                                                  build/obj/chthreads.o (symbol from plugin)
chHeapObjectInit                                  build/obj/chheap.o (symbol from plugin)
chHeapStatus                                      build/obj/chheap.o (symbol from plugin)
chMBFetch                                         build/obj/chmboxes.o (symbol from plugin)
                                                  build/obj/main.o (symbol from plugin)
chMBFetchI                                        build/obj/chmboxes.o (symbol from plugin)
chMBFetchS                                        build/obj/chmboxes.o (symbol from plugin)
chMBObjectInit                                    build/obj/chmboxes.o (symbol from plugin)
                                                  build/obj/main.o (symbol from plugin)
chMBPost                                          build/obj/chmboxes.o (symbol from plugin)
chMBPostAhead                                     build/obj/chmboxes.o (symbol from plugin)
chMBPostAheadI                                    build/obj/chmboxes.o (symbol from plugin)
chMBPostAheadS                                    build/obj/chmboxes.o (symbol from plugin)
chMBPostI                                         build/obj/chmboxes.o (symbol from plugin)
                                                  build/obj/main.o (symbol from plugin)
chMBPostI.constprop.31                            C:\Users\8FEE~1\AppData\Local\Temp\ccB6fCZF.ltrans2.ltrans.o
                                                  C:\Users\8FEE~1\AppData\Local\Temp\ccB6fCZF.ltrans1.ltrans.o
chMBPostS                                         build/obj/chmboxes.o (symbol from plugin)
chMBReset                                         build/obj/chmboxes.o (symbol from plugin)
chMBResetI                                        build/obj/chmboxes.o (symbol from plugin)
chMsgRelease                                      build/obj/chmsg.o (symbol from plugin)
chMsgSend                                         build/obj/chmsg.o (symbol from plugin)
chMsgWait                                         build/obj/chmsg.o (symbol from plugin)
chMtxLock                                         build/obj/chmtx.o (symbol from plugin)
                                                  build/obj/hal_adc.o (symbol from plugin)
                                                  build/obj/chheap.o (symbol from plugin)
chMtxLockS                                        build/obj/chmtx.o (symbol from plugin)
                                                  build/obj/chcond.o (symbol from plugin)
chMtxObjectInit                                   build/obj/chmtx.o (symbol from plugin)
                                                  build/obj/hal_adc.o (symbol from plugin)
                                                  build/obj/chheap.o (symbol from plugin)
chMtxTryLock                                      build/obj/chmtx.o (symbol from plugin)
chMtxTryLockS                                     build/obj/chmtx.o (symbol from plugin)
chMtxUnlock                                       build/obj/chmtx.o (symbol from plugin)
                                                  build/obj/hal_adc.o (symbol from plugin)
                                                  build/obj/chheap.o (symbol from plugin)
chMtxUnlockAll                                    build/obj/chmtx.o (symbol from plugin)
chMtxUnlockAllS                                   build/obj/chmtx.o (symbol from plugin)
chMtxUnlockS                                      build/obj/chmtx.o (symbol from plugin)
                                                  build/obj/chcond.o (symbol from plugin)
chPoolAlloc                                       build/obj/chmempools.o (symbol from plugin)
                                                  build/obj/chdynamic.o (symbol from plugin)
chPoolAllocI                                      build/obj/chmempools.o (symbol from plugin)
chPoolFree                                        build/obj/chmempools.o (symbol from plugin)
                                                  build/obj/chthreads.o (symbol from plugin)
chPoolFreeI                                       build/obj/chmempools.o (symbol from plugin)
chPoolLoadArray                                   build/obj/chmempools.o (symbol from plugin)
chPoolObjectInit                                  build/obj/chmempools.o (symbol from plugin)
chRegFindThreadByName                             build/obj/chregistry.o (symbol from plugin)
chRegFindThreadByPointer                          build/obj/chregistry.o (symbol from plugin)
chRegFindThreadByWorkingArea                      build/obj/chregistry.o (symbol from plugin)
chRegFirstThread                                  build/obj/chregistry.o (symbol from plugin)
chRegNextThread                                   build/obj/chregistry.o (symbol from plugin)
chSchDoReschedule                                 C:\Users\8FEE~1\AppData\Local\Temp\ccB6fCZF.ltrans0.ltrans.o
                                                  build/obj/chschd.o (symbol from plugin)
                                                  build/obj/chcoreasm_v7m.o
chSchDoRescheduleAhead                            build/obj/chschd.o (symbol from plugin)
chSchDoRescheduleBehind                           build/obj/chschd.o (symbol from plugin)
                                                  build/obj/chthreads.o (symbol from plugin)
chSchGoSleepS                                     build/obj/chschd.o (symbol from plugin)
                                                  build/obj/chmsg.o (symbol from plugin)
                                                  build/obj/chevents.o (symbol from plugin)
                                                  build/obj/chcond.o (symbol from plugin)
                                                  build/obj/chmtx.o (symbol from plugin)
                                                  build/obj/chsem.o (symbol from plugin)
                                                  build/obj/chthreads.o (symbol from plugin)
chSchGoSleepTimeoutS                              C:\Users\8FEE~1\AppData\Local\Temp\ccB6fCZF.ltrans0.ltrans.o
                                                  build/obj/chschd.o (symbol from plugin)
                                                  C:\Users\8FEE~1\AppData\Local\Temp\ccB6fCZF.ltrans1.ltrans.o
                                                  build/obj/chevents.o (symbol from plugin)
                                                  build/obj/chcond.o (symbol from plugin)
                                                  build/obj/chsem.o (symbol from plugin)
                                                  build/obj/chthreads.o (symbol from plugin)
chSchIsPreemptionRequired                         build/obj/chschd.o (symbol from plugin)
                                                  build/obj/chcore_v7m.o (symbol from plugin)
chSchReadyAheadI                                  build/obj/chschd.o (symbol from plugin)
chSchReadyI                                       C:\Users\8FEE~1\AppData\Local\Temp\ccB6fCZF.ltrans0.ltrans.o
                                                  build/obj/chschd.o (symbol from plugin)
                                                  C:\Users\8FEE~1\AppData\Local\Temp\ccB6fCZF.ltrans2.ltrans.o
                                                  build/obj/chmsg.o (symbol from plugin)
                                                  build/obj/chevents.o (symbol from plugin)
                                                  build/obj/chcond.o (symbol from plugin)
                                                  build/obj/chmtx.o (symbol from plugin)
                                                  build/obj/chsem.o (symbol from plugin)
                                                  build/obj/chthreads.o (symbol from plugin)
chSchRescheduleS                                  C:\Users\8FEE~1\AppData\Local\Temp\ccB6fCZF.ltrans0.ltrans.o
                                                  build/obj/chschd.o (symbol from plugin)
                                                  C:\Users\8FEE~1\AppData\Local\Temp\ccB6fCZF.ltrans1.ltrans.o
                                                  build/obj/hal_serial.o (symbol from plugin)
                                                  build/obj/chmempools.o (symbol from plugin)
                                                  build/obj/chmboxes.o (symbol from plugin)
                                                  build/obj/chevents.o (symbol from plugin)
                                                  build/obj/chcond.o (symbol from plugin)
                                                  build/obj/chmtx.o (symbol from plugin)
                                                  build/obj/chsem.o (symbol from plugin)
                                                  build/obj/chthreads.o (symbol from plugin)
                                                  build/obj/chsys.o (symbol from plugin)
chSchWakeupS                                      build/obj/chschd.o (symbol from plugin)
                                                  build/obj/chdynamic.o (symbol from plugin)
                                                  build/obj/chmsg.o (symbol from plugin)
                                                  build/obj/chcond.o (symbol from plugin)
                                                  build/obj/chsem.o (symbol from plugin)
                                                  build/obj/chthreads.o (symbol from plugin)
chSemAddCounterI                                  build/obj/chsem.o (symbol from plugin)
chSemObjectInit                                   build/obj/chsem.o (symbol from plugin)
                                                  build/obj/chmempools.o (symbol from plugin)
chSemReset                                        build/obj/chsem.o (symbol from plugin)
chSemResetI                                       build/obj/chsem.o (symbol from plugin)
chSemSignal                                       build/obj/chsem.o (symbol from plugin)
chSemSignalI                                      build/obj/chsem.o (symbol from plugin)
                                                  build/obj/chmempools.o (symbol from plugin)
chSemSignalWait                                   build/obj/chsem.o (symbol from plugin)
chSemWait                                         build/obj/chsem.o (symbol from plugin)
chSemWaitS                                        build/obj/chsem.o (symbol from plugin)
chSemWaitTimeout                                  build/obj/chsem.o (symbol from plugin)
chSemWaitTimeoutS                                 build/obj/chsem.o (symbol from plugin)
                                                  build/obj/chmempools.o (symbol from plugin)
chSysGetStatusAndLockX                            build/obj/chsys.o (symbol from plugin)
chSysHalt                                         build/obj/chsys.o (symbol from plugin)
chSysInit                                         build/obj/chsys.o (symbol from plugin)
                                                  build/obj/main.o (symbol from plugin)
chSysIntegrityCheckI                              build/obj/chsys.o (symbol from plugin)
chSysIsCounterWithinX                             build/obj/chsys.o (symbol from plugin)
chSysPolledDelayX                                 build/obj/chsys.o (symbol from plugin)
chSysRestoreStatusX                               build/obj/chsys.o (symbol from plugin)
chSysTimerHandlerI                                build/obj/chsys.o (symbol from plugin)
                                                  build/obj/hal_st_lld.o (symbol from plugin)
chTMChainMeasurementToX                           build/obj/chtm.o (symbol from plugin)
chTMObjectInit                                    build/obj/chtm.o (symbol from plugin)
chTMStartMeasurementX                             build/obj/chtm.o (symbol from plugin)
chTMStartMeasurementX.constprop.38                C:\Users\8FEE~1\AppData\Local\Temp\ccB6fCZF.ltrans2.ltrans.o
                                                  C:\Users\8FEE~1\AppData\Local\Temp\ccB6fCZF.ltrans1.ltrans.o
chTMStopMeasurementX                              C:\Users\8FEE~1\AppData\Local\Temp\ccB6fCZF.ltrans0.ltrans.o
                                                  build/obj/chtm.o (symbol from plugin)
                                                  C:\Users\8FEE~1\AppData\Local\Temp\ccB6fCZF.ltrans1.ltrans.o
chThdAddRef                                       build/obj/chthreads.o (symbol from plugin)
chThdCreate                                       build/obj/chthreads.o (symbol from plugin)
                                                  build/obj/chsys.o (symbol from plugin)
chThdCreateFromHeap                               build/obj/chdynamic.o (symbol from plugin)
chThdCreateFromMemoryPool                         build/obj/chdynamic.o (symbol from plugin)
chThdCreateI                                      build/obj/chthreads.o (symbol from plugin)
chThdCreateStatic                                 build/obj/chthreads.o (symbol from plugin)
chThdCreateSuspended                              build/obj/chthreads.o (symbol from plugin)
chThdCreateSuspendedI                             build/obj/chthreads.o (symbol from plugin)
                                                  build/obj/chdynamic.o (symbol from plugin)
chThdDequeueAllI                                  build/obj/chthreads.o (symbol from plugin)
                                                  build/obj/hal_queues.o (symbol from plugin)
                                                  build/obj/hal_buffers.o (symbol from plugin)
                                                  build/obj/chmboxes.o (symbol from plugin)
chThdDequeueNextI                                 build/obj/chthreads.o (symbol from plugin)
                                                  build/obj/hal_queues.o (symbol from plugin)
                                                  build/obj/hal_buffers.o (symbol from plugin)
                                                  build/obj/chmboxes.o (symbol from plugin)
chThdDequeueNextI.constprop.35                    C:\Users\8FEE~1\AppData\Local\Temp\ccB6fCZF.ltrans2.ltrans.o
                                                  C:\Users\8FEE~1\AppData\Local\Temp\ccB6fCZF.ltrans1.ltrans.o